// Jest Snapshot v1, https://goo.gl/fbAQLP

exports[`Table Mode Dataset Test test for sort and filter should asc sort by number field 1`] = `
Array [
  Object {
    "city": "绵阳市",
    "number": 245,
    "province": "四川省",
    "sub_type": "笔",
    "type": "办公用品",
  },
  Object {
    "city": "乐山市",
    "number": 352,
    "province": "四川省",
    "sub_type": "纸张",
    "type": "办公用品",
  },
  Object {
    "city": "绍兴市",
    "number": 632,
    "province": "浙江省",
    "sub_type": "沙发",
    "type": "家具",
  },
  Object {
    "city": "舟山市",
    "number": 834,
    "province": "浙江省",
    "sub_type": "沙发",
    "type": "家具",
  },
  Object {
    "city": "杭州市",
    "number": 945,
    "province": "浙江省",
    "sub_type": "笔",
    "type": "办公用品",
  },
  Object {
    "city": "宁波市",
    "number": 1145,
    "province": "浙江省",
    "sub_type": "笔",
    "type": "办公用品",
  },
  Object {
    "city": "绍兴市",
    "number": 1304,
    "province": "浙江省",
    "sub_type": "笔",
    "type": "办公用品",
  },
  Object {
    "city": "杭州市",
    "number": 1343,
    "province": "浙江省",
    "sub_type": "纸张",
    "type": "办公用品",
  },
  Object {
    "city": "绍兴市",
    "number": 1354,
    "province": "浙江省",
    "sub_type": "纸张",
    "type": "办公用品",
  },
  Object {
    "city": "舟山市",
    "number": 1432,
    "province": "浙江省",
    "sub_type": "笔",
    "type": "办公用品",
  },
  Object {
    "city": "宁波市",
    "number": 1523,
    "province": "浙江省",
    "sub_type": "纸张",
    "type": "办公用品",
  },
  Object {
    "city": "舟山市",
    "number": 1634,
    "province": "浙江省",
    "sub_type": "纸张",
    "type": "办公用品",
  },
  Object {
    "city": "成都市",
    "number": 1723,
    "province": "四川省",
    "sub_type": "桌子",
    "type": "家具",
  },
  Object {
    "city": "绵阳市",
    "number": 1822,
    "province": "四川省",
    "sub_type": "桌子",
    "type": "家具",
  },
  Object {
    "city": "南充市",
    "number": 1943,
    "province": "四川省",
    "sub_type": "桌子",
    "type": "家具",
  },
  Object {
    "city": "绵阳市",
    "number": 2244,
    "province": "四川省",
    "sub_type": "沙发",
    "type": "家具",
  },
  Object {
    "city": "乐山市",
    "number": 2330,
    "province": "四川省",
    "sub_type": "桌子",
    "type": "家具",
  },
  Object {
    "city": "南充市",
    "number": 2333,
    "province": "四川省",
    "sub_type": "沙发",
    "type": "家具",
  },
  Object {
    "city": "成都市",
    "number": 2335,
    "province": "四川省",
    "sub_type": "笔",
    "type": "办公用品",
  },
  Object {
    "city": "绍兴市",
    "number": 2367,
    "province": "浙江省",
    "sub_type": "桌子",
    "type": "家具",
  },
  Object {
    "city": "乐山市",
    "number": 2445,
    "province": "四川省",
    "sub_type": "沙发",
    "type": "家具",
  },
  Object {
    "city": "成都市",
    "number": 2451,
    "province": "四川省",
    "sub_type": "沙发",
    "type": "家具",
  },
  Object {
    "city": "南充市",
    "number": 2457,
    "province": "四川省",
    "sub_type": "笔",
    "type": "办公用品",
  },
  Object {
    "city": "乐山市",
    "number": 2458,
    "province": "四川省",
    "sub_type": "笔",
    "type": "办公用品",
  },
  Object {
    "city": "绵阳市",
    "number": 3077,
    "province": "四川省",
    "sub_type": "纸张",
    "type": "办公用品",
  },
  Object {
    "city": "南充市",
    "number": 3551,
    "province": "四川省",
    "sub_type": "纸张",
    "type": "办公用品",
  },
  Object {
    "city": "宁波市",
    "number": 3877,
    "province": "浙江省",
    "sub_type": "桌子",
    "type": "家具",
  },
  Object {
    "city": "成都市",
    "number": 4004,
    "province": "四川省",
    "sub_type": "纸张",
    "type": "办公用品",
  },
  Object {
    "city": "舟山市",
    "number": 4342,
    "province": "浙江省",
    "sub_type": "桌子",
    "type": "家具",
  },
  Object {
    "city": "杭州市",
    "number": 5343,
    "province": "浙江省",
    "sub_type": "沙发",
    "type": "家具",
  },
  Object {
    "city": "宁波市",
    "number": 7234,
    "province": "浙江省",
    "sub_type": "沙发",
    "type": "家具",
  },
  Object {
    "city": "杭州市",
    "number": 7789,
    "province": "浙江省",
    "sub_type": "桌子",
    "type": "家具",
  },
]
`;

exports[`Table Mode Dataset Test test for sort and filter should desc sort by number field 1`] = `
Array [
  Object {
    "city": "杭州市",
    "number": 7789,
    "province": "浙江省",
    "sub_type": "桌子",
    "type": "家具",
  },
  Object {
    "city": "宁波市",
    "number": 7234,
    "province": "浙江省",
    "sub_type": "沙发",
    "type": "家具",
  },
  Object {
    "city": "杭州市",
    "number": 5343,
    "province": "浙江省",
    "sub_type": "沙发",
    "type": "家具",
  },
  Object {
    "city": "舟山市",
    "number": 4342,
    "province": "浙江省",
    "sub_type": "桌子",
    "type": "家具",
  },
  Object {
    "city": "成都市",
    "number": 4004,
    "province": "四川省",
    "sub_type": "纸张",
    "type": "办公用品",
  },
  Object {
    "city": "宁波市",
    "number": 3877,
    "province": "浙江省",
    "sub_type": "桌子",
    "type": "家具",
  },
  Object {
    "city": "南充市",
    "number": 3551,
    "province": "四川省",
    "sub_type": "纸张",
    "type": "办公用品",
  },
  Object {
    "city": "绵阳市",
    "number": 3077,
    "province": "四川省",
    "sub_type": "纸张",
    "type": "办公用品",
  },
  Object {
    "city": "乐山市",
    "number": 2458,
    "province": "四川省",
    "sub_type": "笔",
    "type": "办公用品",
  },
  Object {
    "city": "南充市",
    "number": 2457,
    "province": "四川省",
    "sub_type": "笔",
    "type": "办公用品",
  },
  Object {
    "city": "成都市",
    "number": 2451,
    "province": "四川省",
    "sub_type": "沙发",
    "type": "家具",
  },
  Object {
    "city": "乐山市",
    "number": 2445,
    "province": "四川省",
    "sub_type": "沙发",
    "type": "家具",
  },
  Object {
    "city": "绍兴市",
    "number": 2367,
    "province": "浙江省",
    "sub_type": "桌子",
    "type": "家具",
  },
  Object {
    "city": "成都市",
    "number": 2335,
    "province": "四川省",
    "sub_type": "笔",
    "type": "办公用品",
  },
  Object {
    "city": "南充市",
    "number": 2333,
    "province": "四川省",
    "sub_type": "沙发",
    "type": "家具",
  },
  Object {
    "city": "乐山市",
    "number": 2330,
    "province": "四川省",
    "sub_type": "桌子",
    "type": "家具",
  },
  Object {
    "city": "绵阳市",
    "number": 2244,
    "province": "四川省",
    "sub_type": "沙发",
    "type": "家具",
  },
  Object {
    "city": "南充市",
    "number": 1943,
    "province": "四川省",
    "sub_type": "桌子",
    "type": "家具",
  },
  Object {
    "city": "绵阳市",
    "number": 1822,
    "province": "四川省",
    "sub_type": "桌子",
    "type": "家具",
  },
  Object {
    "city": "成都市",
    "number": 1723,
    "province": "四川省",
    "sub_type": "桌子",
    "type": "家具",
  },
  Object {
    "city": "舟山市",
    "number": 1634,
    "province": "浙江省",
    "sub_type": "纸张",
    "type": "办公用品",
  },
  Object {
    "city": "宁波市",
    "number": 1523,
    "province": "浙江省",
    "sub_type": "纸张",
    "type": "办公用品",
  },
  Object {
    "city": "舟山市",
    "number": 1432,
    "province": "浙江省",
    "sub_type": "笔",
    "type": "办公用品",
  },
  Object {
    "city": "绍兴市",
    "number": 1354,
    "province": "浙江省",
    "sub_type": "纸张",
    "type": "办公用品",
  },
  Object {
    "city": "杭州市",
    "number": 1343,
    "province": "浙江省",
    "sub_type": "纸张",
    "type": "办公用品",
  },
  Object {
    "city": "绍兴市",
    "number": 1304,
    "province": "浙江省",
    "sub_type": "笔",
    "type": "办公用品",
  },
  Object {
    "city": "宁波市",
    "number": 1145,
    "province": "浙江省",
    "sub_type": "笔",
    "type": "办公用品",
  },
  Object {
    "city": "杭州市",
    "number": 945,
    "province": "浙江省",
    "sub_type": "笔",
    "type": "办公用品",
  },
  Object {
    "city": "舟山市",
    "number": 834,
    "province": "浙江省",
    "sub_type": "沙发",
    "type": "家具",
  },
  Object {
    "city": "绍兴市",
    "number": 632,
    "province": "浙江省",
    "sub_type": "沙发",
    "type": "家具",
  },
  Object {
    "city": "乐山市",
    "number": 352,
    "province": "四川省",
    "sub_type": "纸张",
    "type": "办公用品",
  },
  Object {
    "city": "绵阳市",
    "number": 245,
    "province": "四川省",
    "sub_type": "笔",
    "type": "办公用品",
  },
]
`;
