// Jest Snapshot v1, https://goo.gl/fbAQLP

exports[`drawInterval Test should get right condition interval when only set fill 1`] = `
Array [
  100,
  28.128313891834573,
  48.14422057264051,
  54.30805938494168,
  19.591728525980912,
  20.90402969247084,
  22.50795334040297,
  27.637857900318135,
  67.57688229056204,
  5.129904559915165,
  92.64316012725344,
  7.807529162248144,
  29.241781548250266,
  26.497879109225874,
  27.67762460233298,
  29.16224814422057,
  9.278897136797456,
  14.03764581124072,
  11.930010604453871,
  15.734358430540826,
  27.704135737009544,
  0,
  29.32131495227996,
  29.334570519618243,
  14.554612937433722,
  14.700424178154826,
  16.940615058324497,
  18.411983032873806,
  49.82767762460234,
  37.53976670201485,
  43.82290562036055,
  1.4183457051961823,
]
`;
