// Jest Snapshot v1, https://goo.gl/fbAQLP

exports[`merge test should get safety options 1`] = `
Object {
  "conditions": Object {},
  "cornerExtraFieldText": "",
  "cornerText": "",
  "customSVGIcons": Array [],
  "debug": false,
  "devicePixelRatio": 2,
  "frozenColCount": 0,
  "frozenRowCount": 0,
  "frozenRowHeader": true,
  "frozenTrailingColCount": 0,
  "frozenTrailingRowCount": 0,
  "hdAdapter": true,
  "headerActionIcons": Array [],
  "height": 480,
  "hierarchyType": "grid",
  "interaction": Object {
    "autoResetSheetStyle": true,
    "brushSelection": Object {
      "col": false,
      "data": true,
      "row": false,
    },
    "eventListenerOptions": false,
    "hiddenColumnFields": Array [],
    "hoverFocus": Object {
      "duration": 800,
    },
    "hoverHighlight": true,
    "linkFields": Array [],
    "multiSelection": true,
    "overscrollBehavior": "auto",
    "rangeSelection": true,
    "resize": Object {
      "colCellHorizontal": true,
      "colCellVertical": true,
      "cornerCellHorizontal": true,
      "rowCellVertical": true,
      "rowResizeType": "all",
    },
    "scrollSpeedRatio": Object {
      "horizontal": 1,
      "vertical": 1,
    },
    "scrollbarPosition": "content",
    "selectedCellHighlight": false,
    "selectedCellsSpotlight": false,
  },
  "placeholder": "-",
  "showDefaultHeaderActionIcon": false,
  "showSeriesNumber": false,
  "style": Object {
    "cellCfg": Object {
      "height": 30,
      "width": 96,
    },
    "colCfg": Object {
      "height": 30,
      "heightByField": Object {},
      "widthByFieldValue": Object {},
    },
    "collapsedCols": Object {},
    "collapsedRows": Object {},
    "device": "pc",
    "layoutWidthType": "adaptive",
    "rowCfg": Object {
      "heightByField": Object {},
      "width": null,
      "widthByField": Object {},
    },
    "showTreeLeafNodeAlignDot": false,
  },
  "supportCSSTransform": false,
  "tooltip": Object {
    "autoAdjustBoundary": "body",
    "operation": Object {
      "hiddenColumns": false,
      "menus": Array [],
      "sort": false,
      "trend": false,
    },
    "showTooltip": false,
  },
  "totals": Object {},
  "width": 600,
}
`;
