// Jest Snapshot v1, https://goo.gl/fbAQLP

exports[`total group dimension sort test should sort by col total with group 1`] = `
Array [
  CellData {
    "extraField": "price",
    "raw": Object {
      "city": "杭州",
      "price": "666",
      "type": "笔",
    },
  },
  CellData {
    "extraField": "price",
    "raw": Object {
      "city": "杭州",
      "price": "999",
      "type": "纸张",
    },
  },
]
`;
