// Jest Snapshot v1, https://goo.gl/fbAQLP

exports[`Theme Panel Color Box Component Tests should render correctly 1`] = `
<DocumentFragment>
  <div
    class="antv-s2-color-box"
  />
</DocumentFragment>
`;
