// Jest Snapshot v1, https://goo.gl/fbAQLP

exports[`CustomSort Component Tests should render component 1`] = `
<DocumentFragment>
  <div
    class="ant-card ant-card-bordered antv-s2-advanced-sort-card-content css-dev-only-do-not-override-3rel02"
  >
    <div
      class="ant-card-body"
    >
      <li
        class="antv-s2-advanced-sort-split-value"
        title="杭州市"
      >
        <span
          class="split-text"
        >
          杭州市
        </span>
        <span
          class="antv-s2-advanced-sort-split-icon"
        >
          <span
            aria-label="vertical-align-top"
            class="anticon anticon-vertical-align-top"
            role="img"
          >
            <svg
              aria-hidden="true"
              data-icon="vertical-align-top"
              fill="currentColor"
              focusable="false"
              height="1em"
              viewBox="64 64 896 896"
              width="1em"
            >
              <path
                d="M859.9 168H164.1c-4.5 0-8.1 3.6-8.1 8v60c0 4.4 3.6 8 8.1 8h695.8c4.5 0 8.1-3.6 8.1-8v-60c0-4.4-3.6-8-8.1-8zM518.3 355a8 8 0 00-12.6 0l-112 141.7a7.98 7.98 0 006.3 12.9h73.9V848c0 4.4 3.6 8 8 8h60c4.4 0 8-3.6 8-8V509.7H624c6.7 0 10.4-7.7 6.3-12.9L518.3 355z"
              />
            </svg>
          </span>
        </span>
        <span
          class="antv-s2-advanced-sort-split-icon"
        >
          <span
            aria-label="down"
            class="anticon anticon-down"
            role="img"
          >
            <svg
              aria-hidden="true"
              data-icon="down"
              fill="currentColor"
              focusable="false"
              height="1em"
              viewBox="64 64 896 896"
              width="1em"
            >
              <path
                d="M884 256h-75c-5.1 0-9.9 2.5-12.9 6.6L512 654.2 227.9 262.6c-3-4.1-7.8-6.6-12.9-6.6h-75c-6.5 0-10.3 7.4-6.5 12.7l352.6 486.1c12.8 17.6 39 17.6 51.7 0l352.6-486.1c3.9-5.3.1-12.7-6.4-12.7z"
              />
            </svg>
          </span>
        </span>
        <span
          class="antv-s2-advanced-sort-split-icon"
        >
          <span
            aria-label="up"
            class="anticon anticon-up"
            role="img"
          >
            <svg
              aria-hidden="true"
              data-icon="up"
              fill="currentColor"
              focusable="false"
              height="1em"
              viewBox="64 64 896 896"
              width="1em"
            >
              <path
                d="M890.5 755.3L537.9 269.2c-12.8-17.6-39-17.6-51.7 0L133.5 755.3A8 8 0 00140 768h75c5.1 0 9.9-2.5 12.9-6.6L512 369.8l284.1 391.6c3 4.1 7.8 6.6 12.9 6.6h75c6.5 0 10.3-7.4 6.5-12.7z"
              />
            </svg>
          </span>
        </span>
      </li>
      <li
        class="antv-s2-advanced-sort-split-value"
        title="绍兴市"
      >
        <span
          class="split-text"
        >
          绍兴市
        </span>
        <span
          class="antv-s2-advanced-sort-split-icon"
        >
          <span
            aria-label="vertical-align-top"
            class="anticon anticon-vertical-align-top"
            role="img"
          >
            <svg
              aria-hidden="true"
              data-icon="vertical-align-top"
              fill="currentColor"
              focusable="false"
              height="1em"
              viewBox="64 64 896 896"
              width="1em"
            >
              <path
                d="M859.9 168H164.1c-4.5 0-8.1 3.6-8.1 8v60c0 4.4 3.6 8 8.1 8h695.8c4.5 0 8.1-3.6 8.1-8v-60c0-4.4-3.6-8-8.1-8zM518.3 355a8 8 0 00-12.6 0l-112 141.7a7.98 7.98 0 006.3 12.9h73.9V848c0 4.4 3.6 8 8 8h60c4.4 0 8-3.6 8-8V509.7H624c6.7 0 10.4-7.7 6.3-12.9L518.3 355z"
              />
            </svg>
          </span>
        </span>
        <span
          class="antv-s2-advanced-sort-split-icon"
        >
          <span
            aria-label="down"
            class="anticon anticon-down"
            role="img"
          >
            <svg
              aria-hidden="true"
              data-icon="down"
              fill="currentColor"
              focusable="false"
              height="1em"
              viewBox="64 64 896 896"
              width="1em"
            >
              <path
                d="M884 256h-75c-5.1 0-9.9 2.5-12.9 6.6L512 654.2 227.9 262.6c-3-4.1-7.8-6.6-12.9-6.6h-75c-6.5 0-10.3 7.4-6.5 12.7l352.6 486.1c12.8 17.6 39 17.6 51.7 0l352.6-486.1c3.9-5.3.1-12.7-6.4-12.7z"
              />
            </svg>
          </span>
        </span>
        <span
          class="antv-s2-advanced-sort-split-icon"
        >
          <span
            aria-label="up"
            class="anticon anticon-up"
            role="img"
          >
            <svg
              aria-hidden="true"
              data-icon="up"
              fill="currentColor"
              focusable="false"
              height="1em"
              viewBox="64 64 896 896"
              width="1em"
            >
              <path
                d="M890.5 755.3L537.9 269.2c-12.8-17.6-39-17.6-51.7 0L133.5 755.3A8 8 0 00140 768h75c5.1 0 9.9-2.5 12.9-6.6L512 369.8l284.1 391.6c3 4.1 7.8 6.6 12.9 6.6h75c6.5 0 10.3-7.4 6.5-12.7z"
              />
            </svg>
          </span>
        </span>
      </li>
      <li
        class="antv-s2-advanced-sort-split-value"
        title="宁波市"
      >
        <span
          class="split-text"
        >
          宁波市
        </span>
        <span
          class="antv-s2-advanced-sort-split-icon"
        >
          <span
            aria-label="vertical-align-top"
            class="anticon anticon-vertical-align-top"
            role="img"
          >
            <svg
              aria-hidden="true"
              data-icon="vertical-align-top"
              fill="currentColor"
              focusable="false"
              height="1em"
              viewBox="64 64 896 896"
              width="1em"
            >
              <path
                d="M859.9 168H164.1c-4.5 0-8.1 3.6-8.1 8v60c0 4.4 3.6 8 8.1 8h695.8c4.5 0 8.1-3.6 8.1-8v-60c0-4.4-3.6-8-8.1-8zM518.3 355a8 8 0 00-12.6 0l-112 141.7a7.98 7.98 0 006.3 12.9h73.9V848c0 4.4 3.6 8 8 8h60c4.4 0 8-3.6 8-8V509.7H624c6.7 0 10.4-7.7 6.3-12.9L518.3 355z"
              />
            </svg>
          </span>
        </span>
        <span
          class="antv-s2-advanced-sort-split-icon"
        >
          <span
            aria-label="down"
            class="anticon anticon-down"
            role="img"
          >
            <svg
              aria-hidden="true"
              data-icon="down"
              fill="currentColor"
              focusable="false"
              height="1em"
              viewBox="64 64 896 896"
              width="1em"
            >
              <path
                d="M884 256h-75c-5.1 0-9.9 2.5-12.9 6.6L512 654.2 227.9 262.6c-3-4.1-7.8-6.6-12.9-6.6h-75c-6.5 0-10.3 7.4-6.5 12.7l352.6 486.1c12.8 17.6 39 17.6 51.7 0l352.6-486.1c3.9-5.3.1-12.7-6.4-12.7z"
              />
            </svg>
          </span>
        </span>
        <span
          class="antv-s2-advanced-sort-split-icon"
        >
          <span
            aria-label="up"
            class="anticon anticon-up"
            role="img"
          >
            <svg
              aria-hidden="true"
              data-icon="up"
              fill="currentColor"
              focusable="false"
              height="1em"
              viewBox="64 64 896 896"
              width="1em"
            >
              <path
                d="M890.5 755.3L537.9 269.2c-12.8-17.6-39-17.6-51.7 0L133.5 755.3A8 8 0 00140 768h75c5.1 0 9.9-2.5 12.9-6.6L512 369.8l284.1 391.6c3 4.1 7.8 6.6 12.9 6.6h75c6.5 0 10.3-7.4 6.5-12.7z"
              />
            </svg>
          </span>
        </span>
      </li>
      <li
        class="antv-s2-advanced-sort-split-value"
        title="舟山市"
      >
        <span
          class="split-text"
        >
          舟山市
        </span>
        <span
          class="antv-s2-advanced-sort-split-icon"
        >
          <span
            aria-label="vertical-align-top"
            class="anticon anticon-vertical-align-top"
            role="img"
          >
            <svg
              aria-hidden="true"
              data-icon="vertical-align-top"
              fill="currentColor"
              focusable="false"
              height="1em"
              viewBox="64 64 896 896"
              width="1em"
            >
              <path
                d="M859.9 168H164.1c-4.5 0-8.1 3.6-8.1 8v60c0 4.4 3.6 8 8.1 8h695.8c4.5 0 8.1-3.6 8.1-8v-60c0-4.4-3.6-8-8.1-8zM518.3 355a8 8 0 00-12.6 0l-112 141.7a7.98 7.98 0 006.3 12.9h73.9V848c0 4.4 3.6 8 8 8h60c4.4 0 8-3.6 8-8V509.7H624c6.7 0 10.4-7.7 6.3-12.9L518.3 355z"
              />
            </svg>
          </span>
        </span>
        <span
          class="antv-s2-advanced-sort-split-icon"
        >
          <span
            aria-label="down"
            class="anticon anticon-down"
            role="img"
          >
            <svg
              aria-hidden="true"
              data-icon="down"
              fill="currentColor"
              focusable="false"
              height="1em"
              viewBox="64 64 896 896"
              width="1em"
            >
              <path
                d="M884 256h-75c-5.1 0-9.9 2.5-12.9 6.6L512 654.2 227.9 262.6c-3-4.1-7.8-6.6-12.9-6.6h-75c-6.5 0-10.3 7.4-6.5 12.7l352.6 486.1c12.8 17.6 39 17.6 51.7 0l352.6-486.1c3.9-5.3.1-12.7-6.4-12.7z"
              />
            </svg>
          </span>
        </span>
        <span
          class="antv-s2-advanced-sort-split-icon"
        >
          <span
            aria-label="up"
            class="anticon anticon-up"
            role="img"
          >
            <svg
              aria-hidden="true"
              data-icon="up"
              fill="currentColor"
              focusable="false"
              height="1em"
              viewBox="64 64 896 896"
              width="1em"
            >
              <path
                d="M890.5 755.3L537.9 269.2c-12.8-17.6-39-17.6-51.7 0L133.5 755.3A8 8 0 00140 768h75c5.1 0 9.9-2.5 12.9-6.6L512 369.8l284.1 391.6c3 4.1 7.8 6.6 12.9 6.6h75c6.5 0 10.3-7.4 6.5-12.7z"
              />
            </svg>
          </span>
        </span>
      </li>
      <li
        class="antv-s2-advanced-sort-split-value"
        title="成都市"
      >
        <span
          class="split-text"
        >
          成都市
        </span>
        <span
          class="antv-s2-advanced-sort-split-icon"
        >
          <span
            aria-label="vertical-align-top"
            class="anticon anticon-vertical-align-top"
            role="img"
          >
            <svg
              aria-hidden="true"
              data-icon="vertical-align-top"
              fill="currentColor"
              focusable="false"
              height="1em"
              viewBox="64 64 896 896"
              width="1em"
            >
              <path
                d="M859.9 168H164.1c-4.5 0-8.1 3.6-8.1 8v60c0 4.4 3.6 8 8.1 8h695.8c4.5 0 8.1-3.6 8.1-8v-60c0-4.4-3.6-8-8.1-8zM518.3 355a8 8 0 00-12.6 0l-112 141.7a7.98 7.98 0 006.3 12.9h73.9V848c0 4.4 3.6 8 8 8h60c4.4 0 8-3.6 8-8V509.7H624c6.7 0 10.4-7.7 6.3-12.9L518.3 355z"
              />
            </svg>
          </span>
        </span>
        <span
          class="antv-s2-advanced-sort-split-icon"
        >
          <span
            aria-label="down"
            class="anticon anticon-down"
            role="img"
          >
            <svg
              aria-hidden="true"
              data-icon="down"
              fill="currentColor"
              focusable="false"
              height="1em"
              viewBox="64 64 896 896"
              width="1em"
            >
              <path
                d="M884 256h-75c-5.1 0-9.9 2.5-12.9 6.6L512 654.2 227.9 262.6c-3-4.1-7.8-6.6-12.9-6.6h-75c-6.5 0-10.3 7.4-6.5 12.7l352.6 486.1c12.8 17.6 39 17.6 51.7 0l352.6-486.1c3.9-5.3.1-12.7-6.4-12.7z"
              />
            </svg>
          </span>
        </span>
        <span
          class="antv-s2-advanced-sort-split-icon"
        >
          <span
            aria-label="up"
            class="anticon anticon-up"
            role="img"
          >
            <svg
              aria-hidden="true"
              data-icon="up"
              fill="currentColor"
              focusable="false"
              height="1em"
              viewBox="64 64 896 896"
              width="1em"
            >
              <path
                d="M890.5 755.3L537.9 269.2c-12.8-17.6-39-17.6-51.7 0L133.5 755.3A8 8 0 00140 768h75c5.1 0 9.9-2.5 12.9-6.6L512 369.8l284.1 391.6c3 4.1 7.8 6.6 12.9 6.6h75c6.5 0 10.3-7.4 6.5-12.7z"
              />
            </svg>
          </span>
        </span>
      </li>
      <li
        class="antv-s2-advanced-sort-split-value"
        title="绵阳市"
      >
        <span
          class="split-text"
        >
          绵阳市
        </span>
        <span
          class="antv-s2-advanced-sort-split-icon"
        >
          <span
            aria-label="vertical-align-top"
            class="anticon anticon-vertical-align-top"
            role="img"
          >
            <svg
              aria-hidden="true"
              data-icon="vertical-align-top"
              fill="currentColor"
              focusable="false"
              height="1em"
              viewBox="64 64 896 896"
              width="1em"
            >
              <path
                d="M859.9 168H164.1c-4.5 0-8.1 3.6-8.1 8v60c0 4.4 3.6 8 8.1 8h695.8c4.5 0 8.1-3.6 8.1-8v-60c0-4.4-3.6-8-8.1-8zM518.3 355a8 8 0 00-12.6 0l-112 141.7a7.98 7.98 0 006.3 12.9h73.9V848c0 4.4 3.6 8 8 8h60c4.4 0 8-3.6 8-8V509.7H624c6.7 0 10.4-7.7 6.3-12.9L518.3 355z"
              />
            </svg>
          </span>
        </span>
        <span
          class="antv-s2-advanced-sort-split-icon"
        >
          <span
            aria-label="down"
            class="anticon anticon-down"
            role="img"
          >
            <svg
              aria-hidden="true"
              data-icon="down"
              fill="currentColor"
              focusable="false"
              height="1em"
              viewBox="64 64 896 896"
              width="1em"
            >
              <path
                d="M884 256h-75c-5.1 0-9.9 2.5-12.9 6.6L512 654.2 227.9 262.6c-3-4.1-7.8-6.6-12.9-6.6h-75c-6.5 0-10.3 7.4-6.5 12.7l352.6 486.1c12.8 17.6 39 17.6 51.7 0l352.6-486.1c3.9-5.3.1-12.7-6.4-12.7z"
              />
            </svg>
          </span>
        </span>
        <span
          class="antv-s2-advanced-sort-split-icon"
        >
          <span
            aria-label="up"
            class="anticon anticon-up"
            role="img"
          >
            <svg
              aria-hidden="true"
              data-icon="up"
              fill="currentColor"
              focusable="false"
              height="1em"
              viewBox="64 64 896 896"
              width="1em"
            >
              <path
                d="M890.5 755.3L537.9 269.2c-12.8-17.6-39-17.6-51.7 0L133.5 755.3A8 8 0 00140 768h75c5.1 0 9.9-2.5 12.9-6.6L512 369.8l284.1 391.6c3 4.1 7.8 6.6 12.9 6.6h75c6.5 0 10.3-7.4 6.5-12.7z"
              />
            </svg>
          </span>
        </span>
      </li>
      <li
        class="antv-s2-advanced-sort-split-value"
        title="南充市"
      >
        <span
          class="split-text"
        >
          南充市
        </span>
        <span
          class="antv-s2-advanced-sort-split-icon"
        >
          <span
            aria-label="vertical-align-top"
            class="anticon anticon-vertical-align-top"
            role="img"
          >
            <svg
              aria-hidden="true"
              data-icon="vertical-align-top"
              fill="currentColor"
              focusable="false"
              height="1em"
              viewBox="64 64 896 896"
              width="1em"
            >
              <path
                d="M859.9 168H164.1c-4.5 0-8.1 3.6-8.1 8v60c0 4.4 3.6 8 8.1 8h695.8c4.5 0 8.1-3.6 8.1-8v-60c0-4.4-3.6-8-8.1-8zM518.3 355a8 8 0 00-12.6 0l-112 141.7a7.98 7.98 0 006.3 12.9h73.9V848c0 4.4 3.6 8 8 8h60c4.4 0 8-3.6 8-8V509.7H624c6.7 0 10.4-7.7 6.3-12.9L518.3 355z"
              />
            </svg>
          </span>
        </span>
        <span
          class="antv-s2-advanced-sort-split-icon"
        >
          <span
            aria-label="down"
            class="anticon anticon-down"
            role="img"
          >
            <svg
              aria-hidden="true"
              data-icon="down"
              fill="currentColor"
              focusable="false"
              height="1em"
              viewBox="64 64 896 896"
              width="1em"
            >
              <path
                d="M884 256h-75c-5.1 0-9.9 2.5-12.9 6.6L512 654.2 227.9 262.6c-3-4.1-7.8-6.6-12.9-6.6h-75c-6.5 0-10.3 7.4-6.5 12.7l352.6 486.1c12.8 17.6 39 17.6 51.7 0l352.6-486.1c3.9-5.3.1-12.7-6.4-12.7z"
              />
            </svg>
          </span>
        </span>
        <span
          class="antv-s2-advanced-sort-split-icon"
        >
          <span
            aria-label="up"
            class="anticon anticon-up"
            role="img"
          >
            <svg
              aria-hidden="true"
              data-icon="up"
              fill="currentColor"
              focusable="false"
              height="1em"
              viewBox="64 64 896 896"
              width="1em"
            >
              <path
                d="M890.5 755.3L537.9 269.2c-12.8-17.6-39-17.6-51.7 0L133.5 755.3A8 8 0 00140 768h75c5.1 0 9.9-2.5 12.9-6.6L512 369.8l284.1 391.6c3 4.1 7.8 6.6 12.9 6.6h75c6.5 0 10.3-7.4 6.5-12.7z"
              />
            </svg>
          </span>
        </span>
      </li>
      <li
        class="antv-s2-advanced-sort-split-value"
        title="乐山市"
      >
        <span
          class="split-text"
        >
          乐山市
        </span>
        <span
          class="antv-s2-advanced-sort-split-icon"
        >
          <span
            aria-label="vertical-align-top"
            class="anticon anticon-vertical-align-top"
            role="img"
          >
            <svg
              aria-hidden="true"
              data-icon="vertical-align-top"
              fill="currentColor"
              focusable="false"
              height="1em"
              viewBox="64 64 896 896"
              width="1em"
            >
              <path
                d="M859.9 168H164.1c-4.5 0-8.1 3.6-8.1 8v60c0 4.4 3.6 8 8.1 8h695.8c4.5 0 8.1-3.6 8.1-8v-60c0-4.4-3.6-8-8.1-8zM518.3 355a8 8 0 00-12.6 0l-112 141.7a7.98 7.98 0 006.3 12.9h73.9V848c0 4.4 3.6 8 8 8h60c4.4 0 8-3.6 8-8V509.7H624c6.7 0 10.4-7.7 6.3-12.9L518.3 355z"
              />
            </svg>
          </span>
        </span>
        <span
          class="antv-s2-advanced-sort-split-icon"
        >
          <span
            aria-label="down"
            class="anticon anticon-down"
            role="img"
          >
            <svg
              aria-hidden="true"
              data-icon="down"
              fill="currentColor"
              focusable="false"
              height="1em"
              viewBox="64 64 896 896"
              width="1em"
            >
              <path
                d="M884 256h-75c-5.1 0-9.9 2.5-12.9 6.6L512 654.2 227.9 262.6c-3-4.1-7.8-6.6-12.9-6.6h-75c-6.5 0-10.3 7.4-6.5 12.7l352.6 486.1c12.8 17.6 39 17.6 51.7 0l352.6-486.1c3.9-5.3.1-12.7-6.4-12.7z"
              />
            </svg>
          </span>
        </span>
        <span
          class="antv-s2-advanced-sort-split-icon"
        >
          <span
            aria-label="up"
            class="anticon anticon-up"
            role="img"
          >
            <svg
              aria-hidden="true"
              data-icon="up"
              fill="currentColor"
              focusable="false"
              height="1em"
              viewBox="64 64 896 896"
              width="1em"
            >
              <path
                d="M890.5 755.3L537.9 269.2c-12.8-17.6-39-17.6-51.7 0L133.5 755.3A8 8 0 00140 768h75c5.1 0 9.9-2.5 12.9-6.6L512 369.8l284.1 391.6c3 4.1 7.8 6.6 12.9 6.6h75c6.5 0 10.3-7.4 6.5-12.7z"
              />
            </svg>
          </span>
        </span>
      </li>
    </div>
  </div>
</DocumentFragment>
`;
