// Jest Snapshot v1, https://goo.gl/fbAQLP

exports[`PivotSheet Special Dimension Values Copy Tests should correctly copy data with header 1`] = `
Array [
  Object {
    "content": "	两片罐事业部	宝翼制罐	河北制罐	成都制罐	哈尔滨制罐
	dq	dq	dq	dq	dq
2018年-三月	53332				
2019年-三月	53332				
2023年-三月	53332	67456	53332	66293.333333	97192.090909
2023年-四月	67454	0	70442.733333	56665	100535.760606
2023年-五月	23566	-10000	73786.40303	65554	103879.430303
2023年-六月	67456	22222	77130.072727	53332	107223.1
2023年-七月	0	39998	80473.742424	70442.733333	61292.833333
2023年-八月	0	48877	83817.412121	73786.40303	66293.333333
2023年-九月	22222	49999	87161.081818	77130.072727	56665",
    "type": "text/plain",
  },
  Object {
    "content": "<meta charset=\\"utf-8\\"><table><tbody><tr><td></td><td>两片罐事业部</td><td>宝翼制罐</td><td>河北制罐</td><td>成都制罐</td><td>哈尔滨制罐</td></tr><tr><td></td><td>dq</td><td>dq</td><td>dq</td><td>dq</td><td>dq</td></tr><tr><td>2018年-三月</td><td>53332</td><td></td><td></td><td></td><td></td></tr><tr><td>2019年-三月</td><td>53332</td><td></td><td></td><td></td><td></td></tr><tr><td>2023年-三月</td><td>53332</td><td>67456</td><td>53332</td><td>66293.333333</td><td>97192.090909</td></tr><tr><td>2023年-四月</td><td>67454</td><td>0</td><td>70442.733333</td><td>56665</td><td>100535.760606</td></tr><tr><td>2023年-五月</td><td>23566</td><td>-10000</td><td>73786.40303</td><td>65554</td><td>103879.430303</td></tr><tr><td>2023年-六月</td><td>67456</td><td>22222</td><td>77130.072727</td><td>53332</td><td>107223.1</td></tr><tr><td>2023年-七月</td><td>0</td><td>39998</td><td>80473.742424</td><td>70442.733333</td><td>61292.833333</td></tr><tr><td>2023年-八月</td><td>0</td><td>48877</td><td>83817.412121</td><td>73786.40303</td><td>66293.333333</td></tr><tr><td>2023年-九月</td><td>22222</td><td>49999</td><td>87161.081818</td><td>77130.072727</td><td>56665</td></tr></tbody></table>",
    "type": "text/html",
  },
]
`;
