// Jest Snapshot v1, https://goo.gl/fbAQLP

exports[`Export data in pivot tree mode should export correct col header in pivot tree mode 1`] = `
"		col0	col0-0	col0-0
		col1	col1-0	col1-1
		col2	col2-0	col2-0
row0	row1	row2	number	number
row0				
row0	row1-0			
row0	row1-0	row2-0	3	
row0	row1-1			
row0	row1-1	row2-0	2	4"
`;
