// Jest Snapshot v1, https://goo.gl/fbAQLP

exports[`Theme Panel Component Tests should default collapse panel 1`] = `
<DocumentFragment>
  <div
    class="ant-collapse ant-collapse-icon-position-start ant-collapse-borderless antv-s2-reset-group css-dev-only-do-not-override-3rel02"
  >
    <div
      class="ant-collapse-item antv-s2-reset-group-panel"
    >
      <div
        aria-disabled="false"
        aria-expanded="false"
        class="ant-collapse-header"
        role="button"
        tabindex="0"
      >
        <div
          class="ant-collapse-expand-icon"
        >
          <span
            aria-label="caret-right"
            class="anticon anticon-caret-right ant-collapse-arrow"
            role="img"
          >
            <svg
              aria-hidden="true"
              data-icon="caret-right"
              fill="currentColor"
              focusable="false"
              height="1em"
              viewBox="0 0 1024 1024"
              width="1em"
            >
              <path
                d="M715.8 493.5L335 165.1c-14.2-12.2-35-1.2-35 18.5v656.8c0 19.7 20.8 30.7 35 18.5l380.8-328.4c10.9-9.4 10.9-27.6 0-37z"
              />
            </svg>
          </span>
        </div>
        <span
          class="ant-collapse-header-text"
        >
          主题风格
        </span>
        <div
          class="ant-collapse-extra"
        >
          <span
            class="antv-s2-reset-btn"
          >
            <span
              aria-label="reload"
              class="anticon anticon-reload antv-s2-reset-btn-icon"
              role="img"
            >
              <svg
                aria-hidden="true"
                data-icon="reload"
                fill="currentColor"
                focusable="false"
                height="1em"
                viewBox="64 64 896 896"
                width="1em"
              >
                <path
                  d="M909.1 209.3l-56.4 44.1C775.8 155.1 656.2 92 521.9 92 290 92 102.3 279.5 102 511.5 101.7 743.7 289.8 932 521.9 932c181.3 0 335.8-115 394.6-276.1 1.5-4.2-.7-8.9-4.9-10.3l-56.7-19.5a8 8 0 00-10.1 4.8c-1.8 5-3.8 10-5.9 14.9-17.3 41-42.1 77.8-73.7 109.4A344.77 344.77 0 01655.9 829c-42.3 17.9-87.4 27-133.8 27-46.5 0-91.5-9.1-133.8-27A341.5 341.5 0 01279 755.2a342.16 342.16 0 01-73.7-109.4c-17.9-42.4-27-87.4-27-133.9s9.1-91.5 27-133.9c17.3-41 42.1-77.8 73.7-109.4 31.6-31.6 68.4-56.4 109.3-73.8 42.3-17.9 87.4-27 133.8-27 46.5 0 91.5 9.1 133.8 27a341.5 341.5 0 01109.3 73.8c9.9 9.9 19.2 20.4 27.8 31.4l-60.2 47a8 8 0 003 14.1l175.6 43c5 1.2 9.9-2.6 9.9-7.7l.8-180.9c-.1-6.6-7.8-10.3-13-6.2z"
                />
              </svg>
            </span>
            <span
              class="antv-s2-reset-btn-text"
            >
              重置
            </span>
          </span>
        </div>
      </div>
    </div>
  </div>
</DocumentFragment>
`;

exports[`Theme Panel Component Tests should render correctly panel 1`] = `
<DocumentFragment>
  <div
    class="ant-collapse ant-collapse-icon-position-start ant-collapse-borderless antv-s2-reset-group css-dev-only-do-not-override-3rel02"
  >
    <div
      class="ant-collapse-item ant-collapse-item-active antv-s2-reset-group-panel"
    >
      <div
        aria-disabled="false"
        aria-expanded="true"
        class="ant-collapse-header"
        role="button"
        tabindex="0"
      >
        <div
          class="ant-collapse-expand-icon"
        >
          <span
            aria-label="caret-right"
            class="anticon anticon-caret-right ant-collapse-arrow"
            role="img"
          >
            <svg
              aria-hidden="true"
              data-icon="caret-right"
              fill="currentColor"
              focusable="false"
              height="1em"
              style="transform: rotate(90deg);"
              viewBox="0 0 1024 1024"
              width="1em"
            >
              <path
                d="M715.8 493.5L335 165.1c-14.2-12.2-35-1.2-35 18.5v656.8c0 19.7 20.8 30.7 35 18.5l380.8-328.4c10.9-9.4 10.9-27.6 0-37z"
              />
            </svg>
          </span>
        </div>
        <span
          class="ant-collapse-header-text"
        >
          主题风格
        </span>
        <div
          class="ant-collapse-extra"
        >
          <span
            class="antv-s2-reset-btn"
          >
            <span
              aria-label="reload"
              class="anticon anticon-reload antv-s2-reset-btn-icon"
              role="img"
            >
              <svg
                aria-hidden="true"
                data-icon="reload"
                fill="currentColor"
                focusable="false"
                height="1em"
                viewBox="64 64 896 896"
                width="1em"
              >
                <path
                  d="M909.1 209.3l-56.4 44.1C775.8 155.1 656.2 92 521.9 92 290 92 102.3 279.5 102 511.5 101.7 743.7 289.8 932 521.9 932c181.3 0 335.8-115 394.6-276.1 1.5-4.2-.7-8.9-4.9-10.3l-56.7-19.5a8 8 0 00-10.1 4.8c-1.8 5-3.8 10-5.9 14.9-17.3 41-42.1 77.8-73.7 109.4A344.77 344.77 0 01655.9 829c-42.3 17.9-87.4 27-133.8 27-46.5 0-91.5-9.1-133.8-27A341.5 341.5 0 01279 755.2a342.16 342.16 0 01-73.7-109.4c-17.9-42.4-27-87.4-27-133.9s9.1-91.5 27-133.9c17.3-41 42.1-77.8 73.7-109.4 31.6-31.6 68.4-56.4 109.3-73.8 42.3-17.9 87.4-27 133.8-27 46.5 0 91.5 9.1 133.8 27a341.5 341.5 0 01109.3 73.8c9.9 9.9 19.2 20.4 27.8 31.4l-60.2 47a8 8 0 003 14.1l175.6 43c5 1.2 9.9-2.6 9.9-7.7l.8-180.9c-.1-6.6-7.8-10.3-13-6.2z"
                />
              </svg>
            </span>
            <span
              class="antv-s2-reset-btn-text"
            >
              重置
            </span>
          </span>
        </div>
      </div>
      <div
        class="ant-collapse-content ant-collapse-content-active"
      >
        <div
          class="ant-collapse-content-box"
        >
          <div
            class="antv-s2-radio-group antv-s2-radio-group-icon-only"
          >
            <span
              class="antv-s2-radio-group-label"
            >
              类型
            </span>
            <span
              class="antv-s2-radio-group-content"
            >
              <div
                class="ant-radio-group ant-radio-group-outline ant-radio-group-small css-dev-only-do-not-override-3rel02"
              >
                <label
                  class="ant-radio-button-wrapper ant-radio-button-wrapper-checked css-dev-only-do-not-override-3rel02"
                >
                  <span
                    class="ant-radio-button ant-radio-button-checked"
                  >
                    <input
                      checked=""
                      class="ant-radio-button-input"
                      type="radio"
                      value="grid"
                    />
                    <span
                      class="ant-radio-button-inner"
                    />
                  </span>
                  <span>
                    <span>
                      <svg
                        class="si"
                        fill="currentColor"
                        height="18px"
                        viewBox="0 0 18 18"
                        width="18px"
                      >
                        <g
                          fill="none"
                          fill-rule="evenodd"
                          id="设计输出"
                          stroke="none"
                          stroke-width="1"
                        >
                          <g
                            fill="#000000"
                            id="编组-31"
                            transform="translate(-270.000000, -4993.000000)"
                          >
                            <g
                              transform="translate(127.000000, 4744.000000)"
                            >
                              <g
                                id="编组-10"
                                transform="translate(28.000000, 246.000000)"
                              >
                                <g
                                  id="icon/图表/平铺交叉表"
                                  transform="translate(113.000000, 1.000000)"
                                >
                                  <rect
                                    fill-opacity="0"
                                    height="22"
                                    id="矩形"
                                    rx="1"
                                    width="22"
                                    x="0"
                                    y="0"
                                  />
                                  <path
                                    d="M7.46428571,2.75 L7.46428571,19.25 L2.75,19.25 L2.75,2.75 L7.46428571,2.75 Z M19.25,15.125 L19.25,19.25 L14.5357143,19.25 L14.5357143,15.125 L19.25,15.125 Z M13.3571429,15.125 L13.3571429,19.25 L8.64285714,19.25 L8.64285714,15.125 L13.3571429,15.125 Z M13.3571429,2.75 L13.3571429,13.75 L8.64285714,13.75 L8.64285714,2.75 L13.3571429,2.75 Z M19.25,9.625 L19.25,13.75 L14.5357143,13.75 L14.5357143,9.625 L19.25,9.625 Z M19.25,2.75 L19.25,8.25 L14.5357143,8.25 L14.5357143,2.75 L19.25,2.75 Z"
                                    fill="#3471F9"
                                    id="形状结合"
                                  />
                                </g>
                              </g>
                            </g>
                          </g>
                        </g>
                      </svg>
                    </span>
                  </span>
                </label>
                <label
                  class="ant-radio-button-wrapper css-dev-only-do-not-override-3rel02"
                >
                  <span
                    class="ant-radio-button"
                  >
                    <input
                      class="ant-radio-button-input"
                      type="radio"
                      value="tree"
                    />
                    <span
                      class="ant-radio-button-inner"
                    />
                  </span>
                  <span>
                    <span>
                      <svg
                        class="si"
                        fill="currentColor"
                        height="18px"
                        viewBox="0 0 18 18"
                        width="18px"
                      >
                        <g
                          fill="none"
                          fill-rule="evenodd"
                          id="设计输出"
                          stroke="none"
                          stroke-width="1"
                        >
                          <g
                            fill="#000000"
                            id="编组-31"
                            transform="translate(-316.000000, -4993.000000)"
                          >
                            <g
                              transform="translate(127.000000, 4744.000000)"
                            >
                              <g
                                id="编组-10"
                                transform="translate(28.000000, 246.000000)"
                              >
                                <g
                                  id="icon/pivot-table"
                                  transform="translate(159.000000, 1.000000)"
                                >
                                  <rect
                                    fill-opacity="0"
                                    height="22"
                                    id="矩形"
                                    width="22"
                                    x="0"
                                    y="0"
                                  />
                                  <path
                                    d="M2.75,2.75 L2.75,6.77254902 L6.47225591,6.77254902 L6.47225591,2.75 L2.75,2.75 Z M11.1150697,15.2166667 L11.1150697,19.25 L19.25,19.25 L19.25,15.2166667 L11.1150697,15.2166667 Z M8.12325652,2.75 L8.12325652,6.77254902 L19.2299879,6.77254902 L19.2299879,2.75 L8.12325652,2.75 Z M11.1150697,8.98333333 L11.1150697,13.0166667 L19.2399939,13.0166667 L19.2399939,8.98333333 L11.1150697,8.98333333 Z M3.98074591,6.77254902 L5.23150394,6.77254902 L5.23150394,17.9019608 L3.98074591,17.9019608 L3.98074591,6.77254902 Z M5.23150394,16.5539216 L11.1250758,16.5539216 L11.1250758,17.9019608 L5.23150394,17.9019608 L5.23150394,16.5539216 Z M5.23150394,10.3745098 L11.1250758,10.3745098 L11.1250758,11.7117647 L5.23150394,11.7117647 L5.23150394,10.3745098 Z"
                                    fill-opacity="0.45"
                                    id="形状"
                                  />
                                </g>
                              </g>
                            </g>
                          </g>
                        </g>
                      </svg>
                    </span>
                  </span>
                </label>
              </div>
            </span>
          </div>
          <div
            class="antv-s2-radio-group antv-s2-radio-group-icon-only"
          >
            <span
              class="antv-s2-radio-group-label"
            >
              主题
            </span>
            <span
              class="antv-s2-radio-group-content"
            >
              <div
                class="ant-radio-group ant-radio-group-outline ant-radio-group-small css-dev-only-do-not-override-3rel02"
              >
                <label
                  class="ant-radio-button-wrapper css-dev-only-do-not-override-3rel02"
                >
                  <span
                    class="ant-radio-button"
                  >
                    <input
                      class="ant-radio-button-input"
                      type="radio"
                      value="colorful"
                    />
                    <span
                      class="ant-radio-button-inner"
                    />
                  </span>
                  <span>
                    <span>
                      <svg
                        class="si"
                        fill="currentColor"
                        height="16px"
                        viewBox="0 0 18 16"
                        width="18px"
                      >
                        <g
                          fill="none"
                          fill-rule="evenodd"
                          id="设计输出"
                          stroke="none"
                          stroke-width="1"
                        >
                          <g
                            id="编组-31"
                            transform="translate(-699.000000, -5072.000000)"
                          >
                            <g
                              transform="translate(127.000000, 4744.000000)"
                            >
                              <g
                                id="编组"
                                transform="translate(572.000000, 328.000000)"
                              >
                                <polygon
                                  fill="#BFBFBF"
                                  id="矩形备份-21"
                                  points="1 7 17 7 17 11.5 1 11.5"
                                />
                                <path
                                  d="M6.8,0 L6.8,16 L6,16 L6,0 L6.8,0 Z M11.8,0 L11.8,16 L11,16 L11,0 L11.8,0 Z"
                                  fill="#BFBFBF"
                                  id="形状结合备份"
                                />
                                <path
                                  d="M18,0 L18,16 L0,16 L0,0 L18,0 Z M17,1 L1,1 L1,15 L17,15 L17,1 Z"
                                  fill="#8C8C8C"
                                  id="矩形备份-18"
                                />
                                <polygon
                                  fill="#8C8C8C"
                                  id="矩形备份-20"
                                  points="0 2.66453526e-14 18 2.66453526e-14 18 4.125 0 4.125"
                                />
                              </g>
                            </g>
                          </g>
                        </g>
                      </svg>
                    </span>
                  </span>
                </label>
                <label
                  class="ant-radio-button-wrapper css-dev-only-do-not-override-3rel02"
                >
                  <span
                    class="ant-radio-button"
                  >
                    <input
                      class="ant-radio-button-input"
                      type="radio"
                      value="normal"
                    />
                    <span
                      class="ant-radio-button-inner"
                    />
                  </span>
                  <span>
                    <span>
                      <svg
                        class="si"
                        fill="currentColor"
                        height="16px"
                        viewBox="0 0 18 16"
                        width="18px"
                      >
                        <g
                          fill="none"
                          fill-rule="evenodd"
                          id="设计输出"
                          stroke="none"
                          stroke-width="1"
                        >
                          <g
                            id="编组-31"
                            transform="translate(-780.000000, -5072.000000)"
                          >
                            <g
                              transform="translate(127.000000, 4744.000000)"
                            >
                              <g
                                id="编组-27"
                                transform="translate(653.000000, 328.000000)"
                              >
                                <path
                                  d="M6.8,0 L6.799,7 L10.999,7 L11,0 L11.8,0 L11.799,7 L17,7 L17,7.8 L11.799,7.8 L11.799,11 L17,11 L17,11.8 L11.799,11.8 L11.8,16 L11,16 L10.999,11.8 L6.799,11.8 L6.8,16 L6,16 L5.999,11.8 L1,11.8 L1,11 L5.999,11 L5.999,7.8 L1,7.8 L1,7 L5.999,7 L6,0 L6.8,0 Z M10.999,7.8 L6.799,7.8 L6.799,11 L10.999,11 L10.999,7.8 Z"
                                  fill="#BFBFBF"
                                  id="形状结合"
                                />
                                <path
                                  d="M18,0 L18,16 L0,16 L0,0 L18,0 Z M17,1 L1,1 L1,15 L17,15 L17,1 Z"
                                  fill="#8C8C8C"
                                  id="矩形"
                                />
                                <polygon
                                  fill="#8C8C8C"
                                  id="矩形"
                                  points="0 0 18 0 18 4.125 0 4.125"
                                />
                              </g>
                            </g>
                          </g>
                        </g>
                      </svg>
                    </span>
                  </span>
                </label>
                <label
                  class="ant-radio-button-wrapper css-dev-only-do-not-override-3rel02"
                >
                  <span
                    class="ant-radio-button"
                  >
                    <input
                      class="ant-radio-button-input"
                      type="radio"
                      value="basic"
                    />
                    <span
                      class="ant-radio-button-inner"
                    />
                  </span>
                  <span>
                    <span>
                      <svg
                        class="si"
                        fill="currentColor"
                        height="16px"
                        viewBox="0 0 18 16"
                        width="18px"
                      >
                        <g
                          fill="none"
                          fill-rule="evenodd"
                          id="设计输出"
                          stroke="none"
                          stroke-width="1"
                        >
                          <g
                            id="编组-31"
                            transform="translate(-867.000000, -5072.000000)"
                          >
                            <g
                              transform="translate(127.000000, 4744.000000)"
                            >
                              <g
                                id="编组"
                                transform="translate(740.000000, 328.000000)"
                              >
                                <path
                                  d="M6.8,3.625 L6.799,7 L10.999,7 L11,3.625 L11.8,3.625 L11.799,7 L17,7 L17,7.8 L11.799,7.8 L11.799,11 L17,11 L17,11.8 L11.799,11.8 L11.8,16 L11,16 L10.999,11.8 L6.799,11.8 L6.8,16 L6,16 L5.999,11.8 L1,11.8 L1,11 L5.999,11 L5.999,7.8 L1,7.8 L1,7 L5.999,7 L6,3.625 L6.8,3.625 Z M10.999,7.8 L6.799,7.8 L6.799,11 L10.999,11 L10.999,7.8 Z"
                                  fill="#BFBFBF"
                                  id="形状结合备份-2"
                                />
                                <path
                                  d="M6.8,1 L6.8,3.125 L6,3.125 L6,1 L6.8,1 Z M11.8,1 L11.8,3.125 L11,3.125 L11,1 L11.8,1 Z"
                                  fill="#8C8C8C"
                                  id="形状结合"
                                />
                                <path
                                  d="M18,0 L18,16 L0,16 L0,0 L18,0 Z M17,1 L1,1 L1,15 L17,15 L17,1 Z"
                                  fill="#8C8C8C"
                                  id="矩形备份-22"
                                />
                                <polygon
                                  fill="#8C8C8C"
                                  id="矩形备份-23"
                                  points="0 3.125 18 3.125 18 4.125 0 4.125"
                                />
                              </g>
                            </g>
                          </g>
                        </g>
                      </svg>
                    </span>
                  </span>
                </label>
                <label
                  class="ant-radio-button-wrapper css-dev-only-do-not-override-3rel02"
                >
                  <span
                    class="ant-radio-button"
                  >
                    <input
                      class="ant-radio-button-input"
                      type="radio"
                      value="zebra"
                    />
                    <span
                      class="ant-radio-button-inner"
                    />
                  </span>
                  <span>
                    <span>
                      <svg
                        class="si"
                        height="16px"
                        version="1.1"
                        viewBox="0 0 18 16"
                        width="18px"
                      >
                        <title>
                          斑马纹未选中
                        </title>
                        <g
                          fill="none"
                          fill-rule="evenodd"
                          id="设计稿"
                          stroke="none"
                          stroke-width="1"
                        >
                          <g
                            id="交叉表斑马纹样式"
                            transform="translate(-2112.000000, -549.000000)"
                          >
                            <g
                              id="斑马纹未选中"
                              transform="translate(2109.000000, 545.000000)"
                            >
                              <g
                                id="斑马纹风/未选中"
                                transform="translate(3.000000, 4.000000)"
                              >
                                <polygon
                                  fill="#BFBFBF"
                                  id="矩形备份-21"
                                  points="0 6 18 6 18 8 0 8"
                                />
                                <polygon
                                  fill="#BFBFBF"
                                  id="矩形备份-22"
                                  points="0 10 18 10 18 12 0 12"
                                />
                                <polygon
                                  fill="#BFBFBF"
                                  id="矩形备份-23"
                                  points="0 14 18 14 18 16 0 16"
                                />
                                <path
                                  d="M6,0 L6.8,0 L6.8,16 L6,16 Z M11,0 L11.8,0 L11.8,16 L11,16 Z"
                                  fill="#BFBFBF"
                                  id="形状结合备份"
                                />
                                <path
                                  d="M18,0 L0,0 L18,0 Z M17,1 L1,1 L17,1 Z"
                                  fill="#8C8C8C"
                                  id="矩形备份-18"
                                />
                                <polygon
                                  fill="#8C8C8C"
                                  id="矩形备份-20"
                                  points="0 2.66453526e-14 18 2.66453526e-14 18 4.125 0 4.125"
                                />
                              </g>
                            </g>
                          </g>
                        </g>
                      </svg>
                    </span>
                  </span>
                </label>
              </div>
            </span>
          </div>
          <div
            class="antv-s2-radio-group"
          >
            <span
              class="antv-s2-radio-group-label"
            >
              主色系
            </span>
            <span
              class="antv-s2-radio-group-content"
            >
              <div
                class="ant-radio-group ant-radio-group-outline ant-radio-group-small css-dev-only-do-not-override-3rel02"
              >
                <label
                  class="ant-radio-button-wrapper ant-radio-button-wrapper-checked css-dev-only-do-not-override-3rel02"
                >
                  <span
                    class="ant-radio-button ant-radio-button-checked"
                  >
                    <input
                      checked=""
                      class="ant-radio-button-input"
                      type="radio"
                      value="primary"
                    />
                    <span
                      class="ant-radio-button-inner"
                    />
                  </span>
                  <span>
                    深色主题
                  </span>
                </label>
                <label
                  class="ant-radio-button-wrapper css-dev-only-do-not-override-3rel02"
                >
                  <span
                    class="ant-radio-button"
                  >
                    <input
                      class="ant-radio-button-input"
                      type="radio"
                      value="secondary"
                    />
                    <span
                      class="ant-radio-button-inner"
                    />
                  </span>
                  <span>
                    浅色主题
                  </span>
                </label>
                <label
                  class="ant-radio-button-wrapper css-dev-only-do-not-override-3rel02"
                >
                  <span
                    class="ant-radio-button"
                  >
                    <input
                      class="ant-radio-button-input"
                      type="radio"
                      value="gray"
                    />
                    <span
                      class="ant-radio-button-inner"
                    />
                  </span>
                  <span>
                    灰色
                  </span>
                </label>
                <label
                  class="ant-radio-button-wrapper css-dev-only-do-not-override-3rel02"
                >
                  <span
                    class="ant-radio-button"
                  >
                    <input
                      class="ant-radio-button-input"
                      type="radio"
                      value="custom"
                    />
                    <span
                      class="ant-radio-button-inner"
                    />
                  </span>
                  <span>
                    自定义
                  </span>
                </label>
              </div>
            </span>
          </div>
        </div>
      </div>
    </div>
  </div>
</DocumentFragment>
`;
