// Jest Snapshot v1, https://goo.gl/fbAQLP

exports[`switcher component test should render component 1`] = `
<DocumentFragment>
  <button
    class="ant-btn css-dev-only-do-not-override-p7e5j5 ant-btn-default ant-btn-sm antv-s2-switcher-entry-button"
    type="button"
  >
    <span
      class="ant-btn-icon"
    >
      <div />
    </span>
    <span>
      title
    </span>
  </button>
</DocumentFragment>
`;
