// Jest Snapshot v1, https://goo.gl/fbAQLP

exports[`DrillDown Component Tests should render component 1`] = `
<DocumentFragment>
  <div
    class="antv-s2-drill-down test"
  >
    <header
      class="antv-s2-drill-down-header"
    >
      <div>
        选择下钻维度
      </div>
      <button
        class="ant-btn css-dev-only-do-not-override-p7e5j5 ant-btn-link"
        disabled=""
        type="button"
      >
        <span>
          恢复默认
        </span>
      </button>
    </header>
    <span
      class="ant-input-affix-wrapper antv-s2-drill-down-search css-dev-only-do-not-override-p7e5j5 css-dev-only-do-not-override-p7e5j5"
    >
      <span
        class="ant-input-prefix"
      >
        <div />
      </span>
      <input
        class="ant-input css-dev-only-do-not-override-p7e5j5"
        placeholder="搜索字段"
        type="text"
        value=""
      />
      <span
        class="ant-input-suffix"
      >
        <span
          class="ant-input-clear-icon ant-input-clear-icon-hidden"
          role="button"
          tabindex="-1"
        >
          <span
            aria-label="close-circle"
            class="anticon anticon-close-circle"
            role="img"
          >
            <svg
              aria-hidden="true"
              data-icon="close-circle"
              fill="currentColor"
              fill-rule="evenodd"
              focusable="false"
              height="1em"
              viewBox="64 64 896 896"
              width="1em"
            >
              <path
                d="M512 64c247.4 0 448 200.6 448 448S759.4 960 512 960 64 759.4 64 512 264.6 64 512 64zm127.98 274.82h-.04l-.08.06L512 466.75 384.14 338.88c-.04-.05-.06-.06-.08-.06a.12.12 0 00-.07 0c-.03 0-.05.01-.09.05l-45.02 45.02a.2.2 0 00-.05.09.12.12 0 000 .07v.02a.27.27 0 00.06.06L466.75 512 338.88 639.86c-.05.04-.06.06-.06.08a.12.12 0 000 .07c0 .03.01.05.05.09l45.02 45.02a.2.2 0 00.09.05.12.12 0 00.07 0c.02 0 .04-.01.08-.05L512 557.25l127.86 127.87c.04.04.06.05.08.05a.12.12 0 00.07 0c.03 0 .05-.01.09-.05l45.02-45.02a.2.2 0 00.05-.09.12.12 0 000-.07v-.02a.27.27 0 00-.05-.06L557.25 512l127.87-127.86c.04-.04.05-.06.05-.08a.12.12 0 000-.07c0-.03-.01-.05-.05-.09l-45.02-45.02a.2.2 0 00-.09-.05.12.12 0 00-.07 0z"
              />
            </svg>
          </span>
        </span>
      </span>
    </span>
    <div
      class="antv-s2-drill-down-extra"
    >
      extra
    </div>
    <div
      class="css-dev-only-do-not-override-p7e5j5 ant-empty antv-s2-drill-down-empty"
    >
      <div
        class="ant-empty-image"
        style="height: 64px;"
      >
        <svg
          height="152"
          viewBox="0 0 184 152"
          width="184"
          xmlns="http://www.w3.org/2000/svg"
        >
          <g
            fill="none"
            fill-rule="evenodd"
          >
            <g
              transform="translate(24 31.67)"
            >
              <ellipse
                cx="67.797"
                cy="106.89"
                fill="#F5F5F7"
                fill-opacity=".8"
                rx="67.797"
                ry="12.668"
              />
              <path
                d="M122.034 69.674L98.109 40.229c-1.148-1.386-2.826-2.225-4.593-2.225h-51.44c-1.766 0-3.444.839-4.592 2.225L13.56 69.674v15.383h108.475V69.674z"
                fill="#AEB8C2"
              />
              <path
                d="M101.537 86.214L80.63 61.102c-1.001-1.207-2.507-1.867-4.048-1.867H31.724c-1.54 0-3.047.66-4.048 1.867L6.769 86.214v13.792h94.768V86.214z"
                fill="url(#linearGradient-1)"
                transform="translate(13.56)"
              />
              <path
                d="M33.83 0h67.933a4 4 0 0 1 4 4v93.344a4 4 0 0 1-4 4H33.83a4 4 0 0 1-4-4V4a4 4 0 0 1 4-4z"
                fill="#F5F5F7"
              />
              <path
                d="M42.678 9.953h50.237a2 2 0 0 1 2 2V36.91a2 2 0 0 1-2 2H42.678a2 2 0 0 1-2-2V11.953a2 2 0 0 1 2-2zM42.94 49.767h49.713a2.262 2.262 0 1 1 0 4.524H42.94a2.262 2.262 0 0 1 0-4.524zM42.94 61.53h49.713a2.262 2.262 0 1 1 0 4.525H42.94a2.262 2.262 0 0 1 0-4.525zM121.813 105.032c-.775 3.071-3.497 5.36-6.735 5.36H20.515c-3.238 0-5.96-2.29-6.734-5.36a7.309 7.309 0 0 1-.222-1.79V69.675h26.318c2.907 0 5.25 2.448 5.25 5.42v.04c0 2.971 2.37 5.37 5.277 5.37h34.785c2.907 0 5.277-2.421 5.277-5.393V75.1c0-2.972 2.343-5.426 5.25-5.426h26.318v33.569c0 .617-.077 1.216-.221 1.789z"
                fill="#DCE0E6"
              />
            </g>
            <path
              d="M149.121 33.292l-6.83 2.65a1 1 0 0 1-1.317-1.23l1.937-6.207c-2.589-2.944-4.109-6.534-4.109-10.408C138.802 8.102 148.92 0 161.402 0 173.881 0 184 8.102 184 18.097c0 9.995-10.118 18.097-22.599 18.097-4.528 0-8.744-1.066-12.28-2.902z"
              fill="#DCE0E6"
            />
            <g
              fill="#FFF"
              transform="translate(149.65 15.383)"
            >
              <ellipse
                cx="20.654"
                cy="3.167"
                rx="2.849"
                ry="2.815"
              />
              <path
                d="M5.698 5.63H0L2.898.704zM9.259.704h4.985V5.63H9.259z"
              />
            </g>
          </g>
        </svg>
      </div>
      <div
        class="ant-empty-description"
      >
        No data
      </div>
    </div>
    <ul
      class="ant-menu ant-menu-root ant-menu-vertical ant-menu-light antv-s2-drill-down-menu css-dev-only-do-not-override-p7e5j5"
      data-menu-list="true"
      role="menu"
      tabindex="0"
    />
    <div
      aria-hidden="true"
      style="display: none;"
    />
  </div>
</DocumentFragment>
`;
