// Jest Snapshot v1, https://goo.gl/fbAQLP

exports[`StrategySheet Tooltip Tests should render custom derived value 1`] = `
Array [
  <span
    class="derived-value-group derived-value-trend-up"
  >
    <span
      class="derived-value-trend-icon"
    />
    customDerivedValue
  </span>,
  <span
    class="derived-value-group derived-value-trend-up"
  >
    <span
      class="derived-value-trend-icon"
    />
    customDerivedValue
  </span>,
  <span
    class="derived-value-group derived-value-trend-up"
  >
    <span
      class="derived-value-trend-icon"
    />
    customDerivedValue
  </span>,
]
`;

exports[`StrategySheet Tooltip Tests should render tooltip with {
  label: 'test col label',
  component: [Function: StrategySheetColCellTooltip] {
    [length]: 1,
    [name]: 'StrategySheetColCellTooltip'
  }
} 1`] = `
<span
  class="antv-s2-strategy-sheet-tooltip-name"
>
  test col label
</span>
`;

exports[`StrategySheet Tooltip Tests should render tooltip with {
  label: 'test data label',
  component: [Function: StrategySheetDataCellTooltip] {
    [length]: 1,
    [name]: 'StrategySheetDataCellTooltip',
    defaultProps: { showOriginalValue: false }
  }
} 1`] = `
<span
  class="header-label"
>
  test data label
</span>
`;

exports[`StrategySheet Tooltip Tests should render tooltip with {
  label: 'test row label',
  component: [Function: StrategySheetRowCellTooltip] {
    [length]: 1,
    [name]: 'StrategySheetRowCellTooltip'
  }
} 1`] = `
<div
  class="antv-s2-strategy-sheet-tooltip-value"
>
  test row label
</div>
`;
