// Jest Snapshot v1, https://goo.gl/fbAQLP

exports[`Table Mode Dataset Test test for query data #getMultiData by empty query 1`] = `
Array [
  Object {
    "city": "杭州市",
    "number": 7789,
    "province": "浙江省",
    "sub_type": "桌子",
    "type": "家具",
  },
  Object {
    "city": "绍兴市",
    "number": 2367,
    "province": "浙江省",
    "sub_type": "桌子",
    "type": "家具",
  },
  Object {
    "city": "宁波市",
    "number": 3877,
    "province": "浙江省",
    "sub_type": "桌子",
    "type": "家具",
  },
  Object {
    "city": "舟山市",
    "number": 4342,
    "province": "浙江省",
    "sub_type": "桌子",
    "type": "家具",
  },
  Object {
    "city": "杭州市",
    "number": 5343,
    "province": "浙江省",
    "sub_type": "沙发",
    "type": "家具",
  },
  Object {
    "city": "绍兴市",
    "number": 632,
    "province": "浙江省",
    "sub_type": "沙发",
    "type": "家具",
  },
  Object {
    "city": "宁波市",
    "number": 7234,
    "province": "浙江省",
    "sub_type": "沙发",
    "type": "家具",
  },
  Object {
    "city": "舟山市",
    "number": 834,
    "province": "浙江省",
    "sub_type": "沙发",
    "type": "家具",
  },
  Object {
    "city": "杭州市",
    "number": 945,
    "province": "浙江省",
    "sub_type": "笔",
    "type": "办公用品",
  },
  Object {
    "city": "绍兴市",
    "number": 1304,
    "province": "浙江省",
    "sub_type": "笔",
    "type": "办公用品",
  },
  Object {
    "city": "宁波市",
    "number": 1145,
    "province": "浙江省",
    "sub_type": "笔",
    "type": "办公用品",
  },
  Object {
    "city": "舟山市",
    "number": 1432,
    "province": "浙江省",
    "sub_type": "笔",
    "type": "办公用品",
  },
  Object {
    "city": "杭州市",
    "number": 1343,
    "province": "浙江省",
    "sub_type": "纸张",
    "type": "办公用品",
  },
  Object {
    "city": "绍兴市",
    "number": 1354,
    "province": "浙江省",
    "sub_type": "纸张",
    "type": "办公用品",
  },
  Object {
    "city": "宁波市",
    "number": 1523,
    "province": "浙江省",
    "sub_type": "纸张",
    "type": "办公用品",
  },
  Object {
    "city": "舟山市",
    "number": 1634,
    "province": "浙江省",
    "sub_type": "纸张",
    "type": "办公用品",
  },
  Object {
    "city": "成都市",
    "number": 1723,
    "province": "四川省",
    "sub_type": "桌子",
    "type": "家具",
  },
  Object {
    "city": "绵阳市",
    "number": 1822,
    "province": "四川省",
    "sub_type": "桌子",
    "type": "家具",
  },
  Object {
    "city": "南充市",
    "number": 1943,
    "province": "四川省",
    "sub_type": "桌子",
    "type": "家具",
  },
  Object {
    "city": "乐山市",
    "number": 2330,
    "province": "四川省",
    "sub_type": "桌子",
    "type": "家具",
  },
  Object {
    "city": "成都市",
    "number": 2451,
    "province": "四川省",
    "sub_type": "沙发",
    "type": "家具",
  },
  Object {
    "city": "绵阳市",
    "number": 2244,
    "province": "四川省",
    "sub_type": "沙发",
    "type": "家具",
  },
  Object {
    "city": "南充市",
    "number": 2333,
    "province": "四川省",
    "sub_type": "沙发",
    "type": "家具",
  },
  Object {
    "city": "乐山市",
    "number": 2445,
    "province": "四川省",
    "sub_type": "沙发",
    "type": "家具",
  },
  Object {
    "city": "成都市",
    "number": 2335,
    "province": "四川省",
    "sub_type": "笔",
    "type": "办公用品",
  },
  Object {
    "city": "绵阳市",
    "number": 245,
    "province": "四川省",
    "sub_type": "笔",
    "type": "办公用品",
  },
  Object {
    "city": "南充市",
    "number": 2457,
    "province": "四川省",
    "sub_type": "笔",
    "type": "办公用品",
  },
  Object {
    "city": "乐山市",
    "number": 2458,
    "province": "四川省",
    "sub_type": "笔",
    "type": "办公用品",
  },
  Object {
    "city": "成都市",
    "number": 4004,
    "province": "四川省",
    "sub_type": "纸张",
    "type": "办公用品",
  },
  Object {
    "city": "绵阳市",
    "number": 3077,
    "province": "四川省",
    "sub_type": "纸张",
    "type": "办公用品",
  },
  Object {
    "city": "南充市",
    "number": 3551,
    "province": "四川省",
    "sub_type": "纸张",
    "type": "办公用品",
  },
  Object {
    "city": "乐山市",
    "number": 352,
    "province": "四川省",
    "sub_type": "纸张",
    "type": "办公用品",
  },
  Object {
    "number": 26193,
    "sub_type": "桌子",
    "type": "家具",
  },
  Object {
    "number": 49709,
    "type": "家具",
  },
  Object {
    "number": 23516,
    "sub_type": "沙发",
    "type": "家具",
  },
  Object {
    "number": 29159,
    "type": "办公用品",
  },
  Object {
    "number": 12321,
    "sub_type": "笔",
    "type": "办公用品",
  },
  Object {
    "number": 16838,
    "sub_type": "纸张",
    "type": "办公用品",
  },
  Object {
    "number": 18375,
    "province": "浙江省",
    "sub_type": "桌子",
    "type": "家具",
  },
  Object {
    "number": 14043,
    "province": "浙江省",
    "sub_type": "沙发",
    "type": "家具",
  },
  Object {
    "number": 4826,
    "province": "浙江省",
    "sub_type": "笔",
    "type": "办公用品",
  },
  Object {
    "number": 5854,
    "province": "浙江省",
    "sub_type": "纸张",
    "type": "办公用品",
  },
  Object {
    "number": 7818,
    "province": "四川省",
    "sub_type": "桌子",
    "type": "家具",
  },
  Object {
    "number": 9473,
    "province": "四川省",
    "sub_type": "沙发",
    "type": "家具",
  },
  Object {
    "number": 7495,
    "province": "四川省",
    "sub_type": "笔",
    "type": "办公用品",
  },
  Object {
    "number": 10984,
    "province": "四川省",
    "sub_type": "纸张",
    "type": "办公用品",
  },
  Object {
    "city": "杭州市",
    "number": 13132,
    "province": "浙江省",
    "type": "家具",
  },
  Object {
    "city": "杭州市",
    "number": 2288,
    "province": "浙江省",
    "type": "办公用品",
  },
  Object {
    "city": "杭州市",
    "number": 15420,
    "province": "浙江省",
  },
  Object {
    "city": "绍兴市",
    "number": 2999,
    "province": "浙江省",
    "type": "家具",
  },
  Object {
    "city": "绍兴市",
    "number": 2658,
    "province": "浙江省",
    "type": "办公用品",
  },
  Object {
    "city": "绍兴市",
    "number": 5657,
    "province": "浙江省",
  },
  Object {
    "city": "宁波市",
    "number": 11111,
    "province": "浙江省",
    "type": "家具",
  },
  Object {
    "city": "宁波市",
    "number": 2668,
    "province": "浙江省",
    "type": "办公用品",
  },
  Object {
    "city": "宁波市",
    "number": 13779,
    "province": "浙江省",
  },
  Object {
    "city": "舟山市",
    "number": 5176,
    "province": "浙江省",
    "type": "家具",
  },
  Object {
    "city": "舟山市",
    "number": 3066,
    "province": "浙江省",
    "type": "办公用品",
  },
  Object {
    "city": "舟山市",
    "number": 8242,
    "province": "浙江省",
  },
  Object {
    "city": "成都市",
    "number": 4174,
    "province": "四川省",
    "type": "家具",
  },
  Object {
    "city": "成都市",
    "number": 6339,
    "province": "四川省",
    "type": "办公用品",
  },
  Object {
    "city": "成都市",
    "number": 10513,
    "province": "四川省",
  },
  Object {
    "city": "绵阳市",
    "number": 4066,
    "province": "四川省",
    "type": "家具",
  },
  Object {
    "city": "绵阳市",
    "number": 3322,
    "province": "四川省",
    "type": "办公用品",
  },
  Object {
    "city": "绵阳市",
    "number": 7388,
    "province": "四川省",
  },
  Object {
    "city": "南充市",
    "number": 4276,
    "province": "四川省",
    "type": "家具",
  },
  Object {
    "city": "南充市",
    "number": 6008,
    "province": "四川省",
    "type": "办公用品",
  },
  Object {
    "city": "南充市",
    "number": 10284,
    "province": "四川省",
  },
  Object {
    "city": "乐山市",
    "number": 4775,
    "province": "四川省",
    "type": "家具",
  },
  Object {
    "city": "乐山市",
    "number": 2810,
    "province": "四川省",
    "type": "办公用品",
  },
  Object {
    "city": "乐山市",
    "number": 7585,
    "province": "四川省",
  },
  Object {
    "number": 32418,
    "province": "浙江省",
    "type": "家具",
  },
  Object {
    "number": 10680,
    "province": "浙江省",
    "type": "办公用品",
  },
  Object {
    "number": 43098,
    "province": "浙江省",
  },
  Object {
    "number": 17291,
    "province": "四川省",
    "type": "家具",
  },
  Object {
    "number": 18479,
    "province": "四川省",
    "type": "办公用品",
  },
  Object {
    "number": 35770,
    "province": "四川省",
  },
  Object {
    "number": 78868,
  },
]
`;

exports[`Table Mode Dataset Test test for query data #getMultiData by field query 1`] = `
Array [
  "杭州市",
  "绍兴市",
  "宁波市",
  "舟山市",
  "杭州市",
  "绍兴市",
  "宁波市",
  "舟山市",
  "杭州市",
  "绍兴市",
  "宁波市",
  "舟山市",
  "杭州市",
  "绍兴市",
  "宁波市",
  "舟山市",
  "成都市",
  "绵阳市",
  "南充市",
  "乐山市",
  "成都市",
  "绵阳市",
  "南充市",
  "乐山市",
  "成都市",
  "绵阳市",
  "南充市",
  "乐山市",
  "成都市",
  "绵阳市",
  "南充市",
  "乐山市",
  undefined,
  undefined,
  undefined,
  undefined,
  undefined,
  undefined,
  undefined,
  undefined,
  undefined,
  undefined,
  undefined,
  undefined,
  undefined,
  undefined,
  "杭州市",
  "杭州市",
  "杭州市",
  "绍兴市",
  "绍兴市",
  "绍兴市",
  "宁波市",
  "宁波市",
  "宁波市",
  "舟山市",
  "舟山市",
  "舟山市",
  "成都市",
  "成都市",
  "成都市",
  "绵阳市",
  "绵阳市",
  "绵阳市",
  "南充市",
  "南充市",
  "南充市",
  "乐山市",
  "乐山市",
  "乐山市",
  undefined,
  undefined,
  undefined,
  undefined,
  undefined,
  undefined,
  undefined,
]
`;

exports[`Table Mode Dataset Test test for query data #getMultiData by field query 2`] = `
Array [
  7789,
  2367,
  3877,
  4342,
  5343,
  632,
  7234,
  834,
  945,
  1304,
  1145,
  1432,
  1343,
  1354,
  1523,
  1634,
  1723,
  1822,
  1943,
  2330,
  2451,
  2244,
  2333,
  2445,
  2335,
  245,
  2457,
  2458,
  4004,
  3077,
  3551,
  352,
  26193,
  49709,
  23516,
  29159,
  12321,
  16838,
  18375,
  14043,
  4826,
  5854,
  7818,
  9473,
  7495,
  10984,
  13132,
  2288,
  15420,
  2999,
  2658,
  5657,
  11111,
  2668,
  13779,
  5176,
  3066,
  8242,
  4174,
  6339,
  10513,
  4066,
  3322,
  7388,
  4276,
  6008,
  10284,
  4775,
  2810,
  7585,
  32418,
  10680,
  43098,
  17291,
  18479,
  35770,
  78868,
]
`;

exports[`Table Mode Dataset Test test for query data #getMultiData by field query 3`] = `
Array [
  "桌子",
  "桌子",
  "桌子",
  "桌子",
  "沙发",
  "沙发",
  "沙发",
  "沙发",
  "笔",
  "笔",
  "笔",
  "笔",
  "纸张",
  "纸张",
  "纸张",
  "纸张",
  "桌子",
  "桌子",
  "桌子",
  "桌子",
  "沙发",
  "沙发",
  "沙发",
  "沙发",
  "笔",
  "笔",
  "笔",
  "笔",
  "纸张",
  "纸张",
  "纸张",
  "纸张",
  "桌子",
  undefined,
  "沙发",
  undefined,
  "笔",
  "纸张",
  "桌子",
  "沙发",
  "笔",
  "纸张",
  "桌子",
  "沙发",
  "笔",
  "纸张",
  undefined,
  undefined,
  undefined,
  undefined,
  undefined,
  undefined,
  undefined,
  undefined,
  undefined,
  undefined,
  undefined,
  undefined,
  undefined,
  undefined,
  undefined,
  undefined,
  undefined,
  undefined,
  undefined,
  undefined,
  undefined,
  undefined,
  undefined,
  undefined,
  undefined,
  undefined,
  undefined,
  undefined,
  undefined,
  undefined,
  undefined,
]
`;

exports[`Table Mode Dataset Test test for query data #getMultiData by rowIndex query 2`] = `
Array [
  Object {
    "city": "杭州市",
    "number": 7789,
    "province": "浙江省",
    "sub_type": "桌子",
    "type": "家具",
  },
  Object {
    "city": "绍兴市",
    "number": 2367,
    "province": "浙江省",
    "sub_type": "桌子",
    "type": "家具",
  },
  Object {
    "city": "宁波市",
    "number": 3877,
    "province": "浙江省",
    "sub_type": "桌子",
    "type": "家具",
  },
  Object {
    "city": "舟山市",
    "number": 4342,
    "province": "浙江省",
    "sub_type": "桌子",
    "type": "家具",
  },
  Object {
    "city": "杭州市",
    "number": 5343,
    "province": "浙江省",
    "sub_type": "沙发",
    "type": "家具",
  },
  Object {
    "city": "绍兴市",
    "number": 632,
    "province": "浙江省",
    "sub_type": "沙发",
    "type": "家具",
  },
  Object {
    "city": "宁波市",
    "number": 7234,
    "province": "浙江省",
    "sub_type": "沙发",
    "type": "家具",
  },
  Object {
    "city": "舟山市",
    "number": 834,
    "province": "浙江省",
    "sub_type": "沙发",
    "type": "家具",
  },
  Object {
    "city": "杭州市",
    "number": 945,
    "province": "浙江省",
    "sub_type": "笔",
    "type": "办公用品",
  },
  Object {
    "city": "绍兴市",
    "number": 1304,
    "province": "浙江省",
    "sub_type": "笔",
    "type": "办公用品",
  },
  Object {
    "city": "宁波市",
    "number": 1145,
    "province": "浙江省",
    "sub_type": "笔",
    "type": "办公用品",
  },
  Object {
    "city": "舟山市",
    "number": 1432,
    "province": "浙江省",
    "sub_type": "笔",
    "type": "办公用品",
  },
  Object {
    "city": "杭州市",
    "number": 1343,
    "province": "浙江省",
    "sub_type": "纸张",
    "type": "办公用品",
  },
  Object {
    "city": "绍兴市",
    "number": 1354,
    "province": "浙江省",
    "sub_type": "纸张",
    "type": "办公用品",
  },
  Object {
    "city": "宁波市",
    "number": 1523,
    "province": "浙江省",
    "sub_type": "纸张",
    "type": "办公用品",
  },
  Object {
    "city": "舟山市",
    "number": 1634,
    "province": "浙江省",
    "sub_type": "纸张",
    "type": "办公用品",
  },
  Object {
    "city": "成都市",
    "number": 1723,
    "province": "四川省",
    "sub_type": "桌子",
    "type": "家具",
  },
  Object {
    "city": "绵阳市",
    "number": 1822,
    "province": "四川省",
    "sub_type": "桌子",
    "type": "家具",
  },
  Object {
    "city": "南充市",
    "number": 1943,
    "province": "四川省",
    "sub_type": "桌子",
    "type": "家具",
  },
  Object {
    "city": "乐山市",
    "number": 2330,
    "province": "四川省",
    "sub_type": "桌子",
    "type": "家具",
  },
  Object {
    "city": "成都市",
    "number": 2451,
    "province": "四川省",
    "sub_type": "沙发",
    "type": "家具",
  },
  Object {
    "city": "绵阳市",
    "number": 2244,
    "province": "四川省",
    "sub_type": "沙发",
    "type": "家具",
  },
  Object {
    "city": "南充市",
    "number": 2333,
    "province": "四川省",
    "sub_type": "沙发",
    "type": "家具",
  },
  Object {
    "city": "乐山市",
    "number": 2445,
    "province": "四川省",
    "sub_type": "沙发",
    "type": "家具",
  },
  Object {
    "city": "成都市",
    "number": 2335,
    "province": "四川省",
    "sub_type": "笔",
    "type": "办公用品",
  },
  Object {
    "city": "绵阳市",
    "number": 245,
    "province": "四川省",
    "sub_type": "笔",
    "type": "办公用品",
  },
  Object {
    "city": "南充市",
    "number": 2457,
    "province": "四川省",
    "sub_type": "笔",
    "type": "办公用品",
  },
  Object {
    "city": "乐山市",
    "number": 2458,
    "province": "四川省",
    "sub_type": "笔",
    "type": "办公用品",
  },
  Object {
    "city": "成都市",
    "number": 4004,
    "province": "四川省",
    "sub_type": "纸张",
    "type": "办公用品",
  },
  Object {
    "city": "绵阳市",
    "number": 3077,
    "province": "四川省",
    "sub_type": "纸张",
    "type": "办公用品",
  },
  Object {
    "city": "南充市",
    "number": 3551,
    "province": "四川省",
    "sub_type": "纸张",
    "type": "办公用品",
  },
  Object {
    "city": "乐山市",
    "number": 352,
    "province": "四川省",
    "sub_type": "纸张",
    "type": "办公用品",
  },
  Object {
    "number": 26193,
    "sub_type": "桌子",
    "type": "家具",
  },
  Object {
    "number": 49709,
    "type": "家具",
  },
  Object {
    "number": 23516,
    "sub_type": "沙发",
    "type": "家具",
  },
  Object {
    "number": 29159,
    "type": "办公用品",
  },
  Object {
    "number": 12321,
    "sub_type": "笔",
    "type": "办公用品",
  },
  Object {
    "number": 16838,
    "sub_type": "纸张",
    "type": "办公用品",
  },
  Object {
    "number": 18375,
    "province": "浙江省",
    "sub_type": "桌子",
    "type": "家具",
  },
  Object {
    "number": 14043,
    "province": "浙江省",
    "sub_type": "沙发",
    "type": "家具",
  },
  Object {
    "number": 4826,
    "province": "浙江省",
    "sub_type": "笔",
    "type": "办公用品",
  },
  Object {
    "number": 5854,
    "province": "浙江省",
    "sub_type": "纸张",
    "type": "办公用品",
  },
  Object {
    "number": 7818,
    "province": "四川省",
    "sub_type": "桌子",
    "type": "家具",
  },
  Object {
    "number": 9473,
    "province": "四川省",
    "sub_type": "沙发",
    "type": "家具",
  },
  Object {
    "number": 7495,
    "province": "四川省",
    "sub_type": "笔",
    "type": "办公用品",
  },
  Object {
    "number": 10984,
    "province": "四川省",
    "sub_type": "纸张",
    "type": "办公用品",
  },
  Object {
    "city": "杭州市",
    "number": 13132,
    "province": "浙江省",
    "type": "家具",
  },
  Object {
    "city": "杭州市",
    "number": 2288,
    "province": "浙江省",
    "type": "办公用品",
  },
  Object {
    "city": "杭州市",
    "number": 15420,
    "province": "浙江省",
  },
  Object {
    "city": "绍兴市",
    "number": 2999,
    "province": "浙江省",
    "type": "家具",
  },
  Object {
    "city": "绍兴市",
    "number": 2658,
    "province": "浙江省",
    "type": "办公用品",
  },
  Object {
    "city": "绍兴市",
    "number": 5657,
    "province": "浙江省",
  },
  Object {
    "city": "宁波市",
    "number": 11111,
    "province": "浙江省",
    "type": "家具",
  },
  Object {
    "city": "宁波市",
    "number": 2668,
    "province": "浙江省",
    "type": "办公用品",
  },
  Object {
    "city": "宁波市",
    "number": 13779,
    "province": "浙江省",
  },
  Object {
    "city": "舟山市",
    "number": 5176,
    "province": "浙江省",
    "type": "家具",
  },
  Object {
    "city": "舟山市",
    "number": 3066,
    "province": "浙江省",
    "type": "办公用品",
  },
  Object {
    "city": "舟山市",
    "number": 8242,
    "province": "浙江省",
  },
  Object {
    "city": "成都市",
    "number": 4174,
    "province": "四川省",
    "type": "家具",
  },
  Object {
    "city": "成都市",
    "number": 6339,
    "province": "四川省",
    "type": "办公用品",
  },
  Object {
    "city": "成都市",
    "number": 10513,
    "province": "四川省",
  },
  Object {
    "city": "绵阳市",
    "number": 4066,
    "province": "四川省",
    "type": "家具",
  },
  Object {
    "city": "绵阳市",
    "number": 3322,
    "province": "四川省",
    "type": "办公用品",
  },
  Object {
    "city": "绵阳市",
    "number": 7388,
    "province": "四川省",
  },
  Object {
    "city": "南充市",
    "number": 4276,
    "province": "四川省",
    "type": "家具",
  },
  Object {
    "city": "南充市",
    "number": 6008,
    "province": "四川省",
    "type": "办公用品",
  },
  Object {
    "city": "南充市",
    "number": 10284,
    "province": "四川省",
  },
  Object {
    "city": "乐山市",
    "number": 4775,
    "province": "四川省",
    "type": "家具",
  },
  Object {
    "city": "乐山市",
    "number": 2810,
    "province": "四川省",
    "type": "办公用品",
  },
  Object {
    "city": "乐山市",
    "number": 7585,
    "province": "四川省",
  },
  Object {
    "number": 32418,
    "province": "浙江省",
    "type": "家具",
  },
  Object {
    "number": 10680,
    "province": "浙江省",
    "type": "办公用品",
  },
  Object {
    "number": 43098,
    "province": "浙江省",
  },
  Object {
    "number": 17291,
    "province": "四川省",
    "type": "家具",
  },
  Object {
    "number": 18479,
    "province": "四川省",
    "type": "办公用品",
  },
  Object {
    "number": 35770,
    "province": "四川省",
  },
  Object {
    "number": 78868,
  },
]
`;
