// Jest Snapshot v1, https://goo.gl/fbAQLP

exports[`buildTableHierarchy should generate nodes and hierarchy correctly 1`] = `"{\\"x\\":0,\\"y\\":0,\\"width\\":0,\\"height\\":0,\\"colIndex\\":-1,\\"children\\":[{\\"x\\":0,\\"y\\":0,\\"width\\":0,\\"height\\":0,\\"colIndex\\":-1,\\"level\\":0,\\"isLeaf\\":true,\\"children\\":[],\\"padding\\":0,\\"id\\":\\"root[&]序号\\",\\"key\\":\\"$$series_number$$\\",\\"value\\":\\"序号\\",\\"label\\":\\"序号\\",\\"rowIndex\\":0,\\"isTotals\\":false,\\"isCollapsed\\":false,\\"field\\":\\"$$series_number$$\\",\\"query\\":{\\"$$series_number$$\\":\\"序号\\"},\\"isTotalMeasure\\":false},{\\"x\\":0,\\"y\\":0,\\"width\\":0,\\"height\\":0,\\"colIndex\\":-1,\\"level\\":0,\\"isLeaf\\":true,\\"children\\":[],\\"padding\\":0,\\"id\\":\\"root[&]area\\",\\"key\\":\\"area\\",\\"value\\":\\"area\\",\\"label\\":\\"area\\",\\"rowIndex\\":1,\\"isTotals\\":false,\\"isCollapsed\\":false,\\"field\\":\\"area\\",\\"query\\":{\\"area\\":\\"area\\"},\\"isTotalMeasure\\":false},{\\"x\\":0,\\"y\\":0,\\"width\\":0,\\"height\\":0,\\"colIndex\\":-1,\\"level\\":0,\\"isLeaf\\":true,\\"children\\":[],\\"padding\\":0,\\"id\\":\\"root[&]province\\",\\"key\\":\\"province\\",\\"value\\":\\"province\\",\\"label\\":\\"province\\",\\"rowIndex\\":2,\\"isTotals\\":false,\\"isCollapsed\\":false,\\"field\\":\\"province\\",\\"query\\":{\\"province\\":\\"province\\"},\\"isTotalMeasure\\":false},{\\"x\\":0,\\"y\\":0,\\"width\\":0,\\"height\\":0,\\"colIndex\\":-1,\\"level\\":0,\\"isLeaf\\":true,\\"children\\":[],\\"padding\\":0,\\"id\\":\\"root[&]city\\",\\"key\\":\\"city\\",\\"value\\":\\"city\\",\\"label\\":\\"city\\",\\"rowIndex\\":3,\\"isTotals\\":false,\\"isCollapsed\\":false,\\"field\\":\\"city\\",\\"query\\":{\\"city\\":\\"city\\"},\\"isTotalMeasure\\":false},{\\"x\\":0,\\"y\\":0,\\"width\\":0,\\"height\\":0,\\"colIndex\\":-1,\\"level\\":0,\\"isLeaf\\":true,\\"children\\":[],\\"padding\\":0,\\"id\\":\\"root[&]type\\",\\"key\\":\\"type\\",\\"value\\":\\"type\\",\\"label\\":\\"type\\",\\"rowIndex\\":4,\\"isTotals\\":false,\\"isCollapsed\\":false,\\"field\\":\\"type\\",\\"query\\":{\\"type\\":\\"type\\"},\\"isTotalMeasure\\":false},{\\"x\\":0,\\"y\\":0,\\"width\\":0,\\"height\\":0,\\"colIndex\\":-1,\\"level\\":0,\\"isLeaf\\":true,\\"children\\":[],\\"padding\\":0,\\"id\\":\\"root[&]sub_type\\",\\"key\\":\\"sub_type\\",\\"value\\":\\"sub_type\\",\\"label\\":\\"sub_type\\",\\"rowIndex\\":5,\\"isTotals\\":false,\\"isCollapsed\\":false,\\"field\\":\\"sub_type\\",\\"query\\":{\\"sub_type\\":\\"sub_type\\"},\\"isTotalMeasure\\":false},{\\"x\\":0,\\"y\\":0,\\"width\\":0,\\"height\\":0,\\"colIndex\\":-1,\\"level\\":0,\\"isLeaf\\":true,\\"children\\":[],\\"padding\\":0,\\"id\\":\\"root[&]profit\\",\\"key\\":\\"profit\\",\\"value\\":\\"profit\\",\\"label\\":\\"profit\\",\\"rowIndex\\":6,\\"isTotals\\":false,\\"isCollapsed\\":false,\\"field\\":\\"profit\\",\\"query\\":{\\"profit\\":\\"profit\\"},\\"isTotalMeasure\\":false},{\\"x\\":0,\\"y\\":0,\\"width\\":0,\\"height\\":0,\\"colIndex\\":-1,\\"level\\":0,\\"isLeaf\\":true,\\"children\\":[],\\"padding\\":0,\\"id\\":\\"root[&]count\\",\\"key\\":\\"count\\",\\"value\\":\\"count\\",\\"label\\":\\"count\\",\\"rowIndex\\":7,\\"isTotals\\":false,\\"isCollapsed\\":false,\\"field\\":\\"count\\",\\"query\\":{\\"count\\":\\"count\\"},\\"isTotalMeasure\\":false}],\\"padding\\":0,\\"id\\":\\"root\\",\\"key\\":\\"\\",\\"value\\":\\"\\",\\"label\\":\\"\\"}"`;

exports[`buildTableHierarchy should generate nodes and hierarchy correctly 2`] = `"{\\"width\\":0,\\"height\\":0,\\"maxLevel\\":0,\\"sampleNodesForAllLevels\\":[{\\"x\\":0,\\"y\\":0,\\"width\\":0,\\"height\\":0,\\"colIndex\\":-1,\\"level\\":0,\\"isLeaf\\":true,\\"children\\":[],\\"padding\\":0,\\"id\\":\\"root[&]序号\\",\\"key\\":\\"$$series_number$$\\",\\"value\\":\\"序号\\",\\"label\\":\\"序号\\",\\"rowIndex\\":0,\\"isTotals\\":false,\\"isCollapsed\\":false,\\"field\\":\\"$$series_number$$\\",\\"query\\":{\\"$$series_number$$\\":\\"序号\\"},\\"isTotalMeasure\\":false}],\\"sampleNodeForLastLevel\\":{\\"x\\":0,\\"y\\":0,\\"width\\":0,\\"height\\":0,\\"colIndex\\":-1,\\"level\\":0,\\"isLeaf\\":true,\\"children\\":[],\\"padding\\":0,\\"id\\":\\"root[&]序号\\",\\"key\\":\\"$$series_number$$\\",\\"value\\":\\"序号\\",\\"label\\":\\"序号\\",\\"rowIndex\\":0,\\"isTotals\\":false,\\"isCollapsed\\":false,\\"field\\":\\"$$series_number$$\\",\\"query\\":{\\"$$series_number$$\\":\\"序号\\"},\\"isTotalMeasure\\":false},\\"allNodesWithoutRoot\\":[{\\"x\\":0,\\"y\\":0,\\"width\\":0,\\"height\\":0,\\"colIndex\\":-1,\\"level\\":0,\\"isLeaf\\":true,\\"children\\":[],\\"padding\\":0,\\"id\\":\\"root[&]序号\\",\\"key\\":\\"$$series_number$$\\",\\"value\\":\\"序号\\",\\"label\\":\\"序号\\",\\"rowIndex\\":0,\\"isTotals\\":false,\\"isCollapsed\\":false,\\"field\\":\\"$$series_number$$\\",\\"query\\":{\\"$$series_number$$\\":\\"序号\\"},\\"isTotalMeasure\\":false},{\\"x\\":0,\\"y\\":0,\\"width\\":0,\\"height\\":0,\\"colIndex\\":-1,\\"level\\":0,\\"isLeaf\\":true,\\"children\\":[],\\"padding\\":0,\\"id\\":\\"root[&]area\\",\\"key\\":\\"area\\",\\"value\\":\\"area\\",\\"label\\":\\"area\\",\\"rowIndex\\":1,\\"isTotals\\":false,\\"isCollapsed\\":false,\\"field\\":\\"area\\",\\"query\\":{\\"area\\":\\"area\\"},\\"isTotalMeasure\\":false},{\\"x\\":0,\\"y\\":0,\\"width\\":0,\\"height\\":0,\\"colIndex\\":-1,\\"level\\":0,\\"isLeaf\\":true,\\"children\\":[],\\"padding\\":0,\\"id\\":\\"root[&]province\\",\\"key\\":\\"province\\",\\"value\\":\\"province\\",\\"label\\":\\"province\\",\\"rowIndex\\":2,\\"isTotals\\":false,\\"isCollapsed\\":false,\\"field\\":\\"province\\",\\"query\\":{\\"province\\":\\"province\\"},\\"isTotalMeasure\\":false},{\\"x\\":0,\\"y\\":0,\\"width\\":0,\\"height\\":0,\\"colIndex\\":-1,\\"level\\":0,\\"isLeaf\\":true,\\"children\\":[],\\"padding\\":0,\\"id\\":\\"root[&]city\\",\\"key\\":\\"city\\",\\"value\\":\\"city\\",\\"label\\":\\"city\\",\\"rowIndex\\":3,\\"isTotals\\":false,\\"isCollapsed\\":false,\\"field\\":\\"city\\",\\"query\\":{\\"city\\":\\"city\\"},\\"isTotalMeasure\\":false},{\\"x\\":0,\\"y\\":0,\\"width\\":0,\\"height\\":0,\\"colIndex\\":-1,\\"level\\":0,\\"isLeaf\\":true,\\"children\\":[],\\"padding\\":0,\\"id\\":\\"root[&]type\\",\\"key\\":\\"type\\",\\"value\\":\\"type\\",\\"label\\":\\"type\\",\\"rowIndex\\":4,\\"isTotals\\":false,\\"isCollapsed\\":false,\\"field\\":\\"type\\",\\"query\\":{\\"type\\":\\"type\\"},\\"isTotalMeasure\\":false},{\\"x\\":0,\\"y\\":0,\\"width\\":0,\\"height\\":0,\\"colIndex\\":-1,\\"level\\":0,\\"isLeaf\\":true,\\"children\\":[],\\"padding\\":0,\\"id\\":\\"root[&]sub_type\\",\\"key\\":\\"sub_type\\",\\"value\\":\\"sub_type\\",\\"label\\":\\"sub_type\\",\\"rowIndex\\":5,\\"isTotals\\":false,\\"isCollapsed\\":false,\\"field\\":\\"sub_type\\",\\"query\\":{\\"sub_type\\":\\"sub_type\\"},\\"isTotalMeasure\\":false},{\\"x\\":0,\\"y\\":0,\\"width\\":0,\\"height\\":0,\\"colIndex\\":-1,\\"level\\":0,\\"isLeaf\\":true,\\"children\\":[],\\"padding\\":0,\\"id\\":\\"root[&]profit\\",\\"key\\":\\"profit\\",\\"value\\":\\"profit\\",\\"label\\":\\"profit\\",\\"rowIndex\\":6,\\"isTotals\\":false,\\"isCollapsed\\":false,\\"field\\":\\"profit\\",\\"query\\":{\\"profit\\":\\"profit\\"},\\"isTotalMeasure\\":false},{\\"x\\":0,\\"y\\":0,\\"width\\":0,\\"height\\":0,\\"colIndex\\":-1,\\"level\\":0,\\"isLeaf\\":true,\\"children\\":[],\\"padding\\":0,\\"id\\":\\"root[&]count\\",\\"key\\":\\"count\\",\\"value\\":\\"count\\",\\"label\\":\\"count\\",\\"rowIndex\\":7,\\"isTotals\\":false,\\"isCollapsed\\":false,\\"field\\":\\"count\\",\\"query\\":{\\"count\\":\\"count\\"},\\"isTotalMeasure\\":false}],\\"indexNode\\":[{\\"x\\":0,\\"y\\":0,\\"width\\":0,\\"height\\":0,\\"colIndex\\":-1,\\"level\\":0,\\"isLeaf\\":true,\\"children\\":[],\\"padding\\":0,\\"id\\":\\"root[&]序号\\",\\"key\\":\\"$$series_number$$\\",\\"value\\":\\"序号\\",\\"label\\":\\"序号\\",\\"rowIndex\\":0,\\"isTotals\\":false,\\"isCollapsed\\":false,\\"field\\":\\"$$series_number$$\\",\\"query\\":{\\"$$series_number$$\\":\\"序号\\"},\\"isTotalMeasure\\":false},{\\"x\\":0,\\"y\\":0,\\"width\\":0,\\"height\\":0,\\"colIndex\\":-1,\\"level\\":0,\\"isLeaf\\":true,\\"children\\":[],\\"padding\\":0,\\"id\\":\\"root[&]area\\",\\"key\\":\\"area\\",\\"value\\":\\"area\\",\\"label\\":\\"area\\",\\"rowIndex\\":1,\\"isTotals\\":false,\\"isCollapsed\\":false,\\"field\\":\\"area\\",\\"query\\":{\\"area\\":\\"area\\"},\\"isTotalMeasure\\":false},{\\"x\\":0,\\"y\\":0,\\"width\\":0,\\"height\\":0,\\"colIndex\\":-1,\\"level\\":0,\\"isLeaf\\":true,\\"children\\":[],\\"padding\\":0,\\"id\\":\\"root[&]province\\",\\"key\\":\\"province\\",\\"value\\":\\"province\\",\\"label\\":\\"province\\",\\"rowIndex\\":2,\\"isTotals\\":false,\\"isCollapsed\\":false,\\"field\\":\\"province\\",\\"query\\":{\\"province\\":\\"province\\"},\\"isTotalMeasure\\":false},{\\"x\\":0,\\"y\\":0,\\"width\\":0,\\"height\\":0,\\"colIndex\\":-1,\\"level\\":0,\\"isLeaf\\":true,\\"children\\":[],\\"padding\\":0,\\"id\\":\\"root[&]city\\",\\"key\\":\\"city\\",\\"value\\":\\"city\\",\\"label\\":\\"city\\",\\"rowIndex\\":3,\\"isTotals\\":false,\\"isCollapsed\\":false,\\"field\\":\\"city\\",\\"query\\":{\\"city\\":\\"city\\"},\\"isTotalMeasure\\":false},{\\"x\\":0,\\"y\\":0,\\"width\\":0,\\"height\\":0,\\"colIndex\\":-1,\\"level\\":0,\\"isLeaf\\":true,\\"children\\":[],\\"padding\\":0,\\"id\\":\\"root[&]type\\",\\"key\\":\\"type\\",\\"value\\":\\"type\\",\\"label\\":\\"type\\",\\"rowIndex\\":4,\\"isTotals\\":false,\\"isCollapsed\\":false,\\"field\\":\\"type\\",\\"query\\":{\\"type\\":\\"type\\"},\\"isTotalMeasure\\":false},{\\"x\\":0,\\"y\\":0,\\"width\\":0,\\"height\\":0,\\"colIndex\\":-1,\\"level\\":0,\\"isLeaf\\":true,\\"children\\":[],\\"padding\\":0,\\"id\\":\\"root[&]sub_type\\",\\"key\\":\\"sub_type\\",\\"value\\":\\"sub_type\\",\\"label\\":\\"sub_type\\",\\"rowIndex\\":5,\\"isTotals\\":false,\\"isCollapsed\\":false,\\"field\\":\\"sub_type\\",\\"query\\":{\\"sub_type\\":\\"sub_type\\"},\\"isTotalMeasure\\":false},{\\"x\\":0,\\"y\\":0,\\"width\\":0,\\"height\\":0,\\"colIndex\\":-1,\\"level\\":0,\\"isLeaf\\":true,\\"children\\":[],\\"padding\\":0,\\"id\\":\\"root[&]profit\\",\\"key\\":\\"profit\\",\\"value\\":\\"profit\\",\\"label\\":\\"profit\\",\\"rowIndex\\":6,\\"isTotals\\":false,\\"isCollapsed\\":false,\\"field\\":\\"profit\\",\\"query\\":{\\"profit\\":\\"profit\\"},\\"isTotalMeasure\\":false},{\\"x\\":0,\\"y\\":0,\\"width\\":0,\\"height\\":0,\\"colIndex\\":-1,\\"level\\":0,\\"isLeaf\\":true,\\"children\\":[],\\"padding\\":0,\\"id\\":\\"root[&]count\\",\\"key\\":\\"count\\",\\"value\\":\\"count\\",\\"label\\":\\"count\\",\\"rowIndex\\":7,\\"isTotals\\":false,\\"isCollapsed\\":false,\\"field\\":\\"count\\",\\"query\\":{\\"count\\":\\"count\\"},\\"isTotalMeasure\\":false}]}"`;
