// Jest Snapshot v1, https://goo.gl/fbAQLP

exports[`Theme Panel Color Picker Panel Component Tests should render correctly 1`] = `
<DocumentFragment>
  <div
    class="antv-s2-color-picker-panel"
  >
    <div
      class="antv-s2-color-picker-panel-header"
    >
      <span
        class="antv-s2-color-picker-panel-header-title"
      >
        颜色编辑
      </span>
      <span
        class="antv-s2-reset-btn"
      >
        <span
          aria-label="reload"
          class="anticon anticon-reload antv-s2-reset-btn-icon"
          role="img"
        >
          <svg
            aria-hidden="true"
            data-icon="reload"
            fill="currentColor"
            focusable="false"
            height="1em"
            viewBox="64 64 896 896"
            width="1em"
          >
            <path
              d="M909.1 209.3l-56.4 44.1C775.8 155.1 656.2 92 521.9 92 290 92 102.3 279.5 102 511.5 101.7 743.7 289.8 932 521.9 932c181.3 0 335.8-115 394.6-276.1 1.5-4.2-.7-8.9-4.9-10.3l-56.7-19.5a8 8 0 00-10.1 4.8c-1.8 5-3.8 10-5.9 14.9-17.3 41-42.1 77.8-73.7 109.4A344.77 344.77 0 01655.9 829c-42.3 17.9-87.4 27-133.8 27-46.5 0-91.5-9.1-133.8-27A341.5 341.5 0 01279 755.2a342.16 342.16 0 01-73.7-109.4c-17.9-42.4-27-87.4-27-133.9s9.1-91.5 27-133.9c17.3-41 42.1-77.8 73.7-109.4 31.6-31.6 68.4-56.4 109.3-73.8 42.3-17.9 87.4-27 133.8-27 46.5 0 91.5 9.1 133.8 27a341.5 341.5 0 01109.3 73.8c9.9 9.9 19.2 20.4 27.8 31.4l-60.2 47a8 8 0 003 14.1l175.6 43c5 1.2 9.9-2.6 9.9-7.7l.8-180.9c-.1-6.6-7.8-10.3-13-6.2z"
            />
          </svg>
        </span>
        <span
          class="antv-s2-reset-btn-text"
        >
          重置
        </span>
      </span>
    </div>
    <div
      class="antv-s2-color-picker-panel-section"
    >
      <div
        class="antv-s2-color-picker-panel-section-title"
      >
        推荐主题色
      </div>
      <div
        class="antv-s2-color-picker-panel-section-color-list"
      >
        <div
          class="antv-s2-color-box"
          style="background-color: rgb(91, 143, 249);"
        />
        <div
          class="antv-s2-color-box"
          style="background-color: rgb(189, 210, 253);"
        />
        <div
          class="antv-s2-color-box"
          style="background-color: rgb(246, 144, 61);"
        />
        <div
          class="antv-s2-color-box"
          style="background-color: rgb(255, 216, 184);"
        />
        <div
          class="antv-s2-color-box"
          style="background-color: rgb(240, 139, 180);"
        />
        <div
          class="antv-s2-color-box"
          style="background-color: rgb(255, 214, 231);"
        />
      </div>
    </div>
    <div
      class="antv-s2-color-picker-panel-section"
    >
      <div
        class="antv-s2-color-picker-panel-section-title"
      >
        最近使用
      </div>
      <div
        class="antv-s2-color-picker-panel-section-color-list"
      />
    </div>
    <div
      class="ant-collapse ant-collapse-icon-position-start antv-s2-color-picker-panel-collapse css-dev-only-do-not-override-3rel02"
    >
      <div
        class="ant-collapse-item"
      >
        <div
          aria-disabled="false"
          aria-expanded="false"
          class="ant-collapse-header"
          role="button"
          tabindex="0"
        >
          <div
            class="ant-collapse-expand-icon"
          >
            <span
              aria-label="caret-right"
              class="anticon anticon-caret-right ant-collapse-arrow"
              role="img"
            >
              <svg
                aria-hidden="true"
                data-icon="caret-right"
                fill="currentColor"
                focusable="false"
                height="1em"
                style="transform: rotate(-90deg);"
                viewBox="0 0 1024 1024"
                width="1em"
              >
                <path
                  d="M715.8 493.5L335 165.1c-14.2-12.2-35-1.2-35 18.5v656.8c0 19.7 20.8 30.7 35 18.5l380.8-328.4c10.9-9.4 10.9-27.6 0-37z"
                />
              </svg>
            </span>
          </div>
          <span
            class="ant-collapse-header-text"
          >
            <span
              class="antv-s2-color-picker-panel-collapse-title"
            >
              自定义
            </span>
          </span>
        </div>
      </div>
    </div>
  </div>
</DocumentFragment>
`;
