// Jest Snapshot v1, https://goo.gl/fbAQLP

exports[`SpreadSheet Theme Tests Theme Default Value Tests should get default theme 1`] = `
Object {
  "background": Object {
    "color": "#FFFFFF",
    "opacity": 1,
  },
  "colCell": Object {
    "bolderText": Object {
      "fill": "#000000",
      "fontFamily": "Roboto, PingFangSC, BlinkMacSystemFont, Microsoft YaHei, Arial, sans-serif",
      "fontSize": 12,
      "fontWeight": 700,
      "opacity": 1,
      "textAlign": "center",
      "textBaseline": "middle",
    },
    "cell": Object {
      "backgroundColor": "#E0E9FD",
      "backgroundColorOpacity": 1,
      "borderDash": Array [],
      "horizontalBorderColor": "#CCDBFC",
      "horizontalBorderColorOpacity": 1,
      "horizontalBorderWidth": 1,
      "interactionState": Object {
        "highlight": Object {
          "backgroundColor": "#87B5FF",
          "backgroundOpacity": 1,
        },
        "hover": Object {
          "backgroundColor": "#CCDBFC",
          "backgroundOpacity": 0.6,
        },
        "prepareSelect": Object {
          "borderColor": "#000000",
          "borderOpacity": 1,
          "borderWidth": 1,
        },
        "searchResult": Object {
          "backgroundColor": "#F0F7FF",
          "backgroundOpacity": 1,
        },
        "selected": Object {
          "backgroundColor": "#CCDBFC",
          "backgroundOpacity": 0.6,
        },
        "unselected": Object {
          "backgroundOpacity": 0.3,
          "opacity": 0.3,
          "textOpacity": 0.3,
        },
      },
      "padding": Object {
        "bottom": 0,
        "left": 8,
        "right": 8,
        "top": 0,
      },
      "verticalBorderColor": "#CCDBFC",
      "verticalBorderColorOpacity": 1,
      "verticalBorderWidth": 1,
    },
    "icon": Object {
      "fill": "#000000",
      "margin": Object {
        "bottom": 6,
        "left": 4,
        "right": 4,
        "top": 6,
      },
      "size": 10,
    },
    "measureText": Object {
      "fill": "#000000",
      "fontFamily": "Roboto, PingFangSC, BlinkMacSystemFont, Microsoft YaHei, Arial, sans-serif",
      "fontSize": 12,
      "fontWeight": "normal",
      "opacity": 1,
      "textAlign": "right",
      "textBaseline": "middle",
    },
    "text": Object {
      "fill": "#000000",
      "fontFamily": "Roboto, PingFangSC, BlinkMacSystemFont, Microsoft YaHei, Arial, sans-serif",
      "fontSize": 12,
      "fontWeight": "normal",
      "opacity": 1,
      "textAlign": "center",
      "textBaseline": "middle",
    },
  },
  "cornerCell": Object {
    "bolderText": Object {
      "fill": "#000000",
      "fontFamily": "Roboto, PingFangSC, BlinkMacSystemFont, Microsoft YaHei, Arial, sans-serif",
      "fontSize": 12,
      "fontWeight": 700,
      "opacity": 1,
      "textAlign": "left",
      "textBaseline": "middle",
    },
    "cell": Object {
      "backgroundColor": "#E0E9FD",
      "backgroundColorOpacity": 1,
      "borderDash": Array [],
      "horizontalBorderColor": "#CCDBFC",
      "horizontalBorderColorOpacity": 1,
      "horizontalBorderWidth": 1,
      "padding": Object {
        "bottom": 0,
        "left": 8,
        "right": 8,
        "top": 0,
      },
      "verticalBorderColor": "#CCDBFC",
      "verticalBorderColorOpacity": 1,
      "verticalBorderWidth": 1,
    },
    "icon": Object {
      "fill": "#000000",
      "margin": Object {
        "left": 4,
        "right": 4,
      },
      "size": 10,
    },
    "text": Object {
      "fill": "#000000",
      "fontFamily": "Roboto, PingFangSC, BlinkMacSystemFont, Microsoft YaHei, Arial, sans-serif",
      "fontSize": 12,
      "fontWeight": 700,
      "opacity": 1,
      "textAlign": "right",
      "textBaseline": "middle",
    },
  },
  "dataCell": Object {
    "bolderText": Object {
      "fill": "#000000",
      "fontFamily": "Roboto, PingFangSC, BlinkMacSystemFont, Microsoft YaHei, Arial, sans-serif",
      "fontSize": 12,
      "fontWeight": 700,
      "linkTextFill": "#326EF4",
      "opacity": 1,
      "textAlign": "right",
      "textBaseline": "middle",
    },
    "cell": Object {
      "backgroundColor": "#FFFFFF",
      "backgroundColorOpacity": 1,
      "borderDash": Array [],
      "crossBackgroundColor": "#F5F8FE",
      "horizontalBorderColor": "#E0E9FD",
      "horizontalBorderColorOpacity": 1,
      "horizontalBorderWidth": 1,
      "interactionState": Object {
        "highlight": Object {
          "backgroundColor": "#87B5FF",
          "backgroundOpacity": 1,
        },
        "hover": Object {
          "backgroundColor": "#E0E9FD",
          "backgroundOpacity": 0.6,
        },
        "hoverFocus": Object {
          "backgroundColor": "#E0E9FD",
          "backgroundOpacity": 0.6,
          "borderColor": "#000000",
          "borderOpacity": 1,
          "borderWidth": 1,
        },
        "prepareSelect": Object {
          "borderColor": "#000000",
          "borderOpacity": 1,
          "borderWidth": 1,
        },
        "searchResult": Object {
          "backgroundColor": "#F0F7FF",
          "backgroundOpacity": 1,
        },
        "selected": Object {
          "backgroundColor": "#E0E9FD",
          "backgroundOpacity": 0.6,
        },
        "unselected": Object {
          "backgroundOpacity": 0.3,
          "opacity": 0.3,
          "textOpacity": 0.3,
        },
      },
      "padding": Object {
        "bottom": 8,
        "left": 8,
        "right": 8,
        "top": 8,
      },
      "verticalBorderColor": "#E0E9FD",
      "verticalBorderColorOpacity": 1,
      "verticalBorderWidth": 1,
    },
    "icon": Object {
      "downIconColor": "#FF4D4F",
      "fill": "#000000",
      "margin": Object {
        "left": 4,
        "right": 4,
      },
      "size": 10,
      "upIconColor": "#29A294",
    },
    "miniChart": Object {
      "bar": Object {
        "fill": "#326EF4",
        "intervalPadding": 4,
        "opacity": 1,
      },
      "bullet": Object {
        "backgroundColor": "#E9E9E9",
        "comparativeMeasure": Object {
          "fill": "#000000",
          "height": 12,
          "opacity": 0.25,
          "width": 1,
        },
        "progressBar": Object {
          "height": 10,
          "innerHeight": 6,
          "widthPercent": 0.6,
        },
        "rangeColors": Object {
          "bad": "#FF4D4F",
          "good": "#29A294",
          "satisfactory": "#FAAD14",
        },
      },
      "interval": Object {
        "fill": "#326EF4",
        "height": 12,
      },
      "line": Object {
        "linkLine": Object {
          "fill": "#326EF4",
          "opacity": 0.6,
          "size": 1.5,
        },
        "point": Object {
          "fill": "#326EF4",
          "opacity": 1,
          "size": 2.2,
        },
      },
    },
    "text": Object {
      "fill": "#000000",
      "fontFamily": "Roboto, PingFangSC, BlinkMacSystemFont, Microsoft YaHei, Arial, sans-serif",
      "fontSize": 12,
      "fontWeight": "normal",
      "linkTextFill": "#326EF4",
      "opacity": 1,
      "textAlign": "right",
      "textBaseline": "middle",
    },
  },
  "mergedCell": Object {
    "bolderText": Object {
      "fill": "#000000",
      "fontFamily": "Roboto, PingFangSC, BlinkMacSystemFont, Microsoft YaHei, Arial, sans-serif",
      "fontSize": 12,
      "fontWeight": 700,
      "linkTextFill": "#326EF4",
      "opacity": 1,
      "textAlign": "right",
      "textBaseline": "middle",
    },
    "cell": Object {
      "backgroundColor": "#FFFFFF",
      "backgroundColorOpacity": 1,
      "borderDash": Array [],
      "crossBackgroundColor": "#F5F8FE",
      "horizontalBorderColor": "#E0E9FD",
      "horizontalBorderColorOpacity": 1,
      "horizontalBorderWidth": 1,
      "interactionState": Object {
        "highlight": Object {
          "backgroundColor": "#87B5FF",
          "backgroundOpacity": 1,
        },
        "hover": Object {
          "backgroundColor": "#E0E9FD",
          "backgroundOpacity": 0.6,
        },
        "hoverFocus": Object {
          "backgroundColor": "#E0E9FD",
          "backgroundOpacity": 0.6,
          "borderColor": "#000000",
          "borderOpacity": 1,
          "borderWidth": 1,
        },
        "prepareSelect": Object {
          "borderColor": "#000000",
          "borderOpacity": 1,
          "borderWidth": 1,
        },
        "searchResult": Object {
          "backgroundColor": "#F0F7FF",
          "backgroundOpacity": 1,
        },
        "selected": Object {
          "backgroundColor": "#E0E9FD",
          "backgroundOpacity": 0.6,
        },
        "unselected": Object {
          "backgroundOpacity": 0.3,
          "opacity": 0.3,
          "textOpacity": 0.3,
        },
      },
      "padding": Object {
        "bottom": 8,
        "left": 8,
        "right": 8,
        "top": 8,
      },
      "verticalBorderColor": "#E0E9FD",
      "verticalBorderColorOpacity": 1,
      "verticalBorderWidth": 1,
    },
    "icon": Object {
      "downIconColor": "#FF4D4F",
      "fill": "#000000",
      "margin": Object {
        "left": 4,
        "right": 4,
      },
      "size": 10,
      "upIconColor": "#29A294",
    },
    "miniChart": Object {
      "bar": Object {
        "fill": "#326EF4",
        "intervalPadding": 4,
        "opacity": 1,
      },
      "bullet": Object {
        "backgroundColor": "#E9E9E9",
        "comparativeMeasure": Object {
          "fill": "#000000",
          "height": 12,
          "opacity": 0.25,
          "width": 1,
        },
        "progressBar": Object {
          "height": 10,
          "innerHeight": 6,
          "widthPercent": 0.6,
        },
        "rangeColors": Object {
          "bad": "#FF4D4F",
          "good": "#29A294",
          "satisfactory": "#FAAD14",
        },
      },
      "interval": Object {
        "fill": "#326EF4",
        "height": 12,
      },
      "line": Object {
        "linkLine": Object {
          "fill": "#326EF4",
          "opacity": 0.6,
          "size": 1.5,
        },
        "point": Object {
          "fill": "#326EF4",
          "opacity": 1,
          "size": 2.2,
        },
      },
    },
    "text": Object {
      "fill": "#000000",
      "fontFamily": "Roboto, PingFangSC, BlinkMacSystemFont, Microsoft YaHei, Arial, sans-serif",
      "fontSize": 12,
      "fontWeight": "normal",
      "linkTextFill": "#326EF4",
      "opacity": 1,
      "textAlign": "right",
      "textBaseline": "middle",
    },
  },
  "prepareSelectMask": Object {
    "backgroundColor": "#234DAB",
    "backgroundOpacity": 0.3,
  },
  "resizeArea": Object {
    "background": "#326EF4",
    "backgroundOpacity": 0,
    "guideLineColor": "#326EF4",
    "guideLineDash": Array [
      3,
      3,
    ],
    "guideLineDisableColor": "rgba(0,0,0,0.25)",
    "interactionState": Object {
      "hover": Object {
        "backgroundColor": "#326EF4",
        "backgroundOpacity": 1,
      },
    },
    "size": 3,
  },
  "rowCell": Object {
    "bolderText": Object {
      "fill": "#000000",
      "fontFamily": "Roboto, PingFangSC, BlinkMacSystemFont, Microsoft YaHei, Arial, sans-serif",
      "fontSize": 12,
      "fontWeight": 700,
      "linkTextFill": "#326EF4",
      "opacity": 1,
      "textAlign": "left",
      "textBaseline": "top",
    },
    "cell": Object {
      "backgroundColor": "#F5F8FE",
      "backgroundColorOpacity": 1,
      "borderDash": Array [],
      "horizontalBorderColor": "#E0E9FD",
      "horizontalBorderColorOpacity": 1,
      "horizontalBorderWidth": 1,
      "interactionState": Object {
        "highlight": Object {
          "backgroundColor": "#87B5FF",
          "backgroundOpacity": 1,
        },
        "hover": Object {
          "backgroundColor": "#E0E9FD",
          "backgroundOpacity": 0.6,
        },
        "prepareSelect": Object {
          "borderColor": "#000000",
          "borderOpacity": 1,
          "borderWidth": 1,
        },
        "searchResult": Object {
          "backgroundColor": "#F0F7FF",
          "backgroundOpacity": 1,
        },
        "selected": Object {
          "backgroundColor": "#E0E9FD",
          "backgroundOpacity": 0.6,
        },
        "unselected": Object {
          "backgroundOpacity": 0.3,
          "opacity": 0.3,
          "textOpacity": 0.3,
        },
      },
      "padding": Object {
        "bottom": 0,
        "left": 8,
        "right": 8,
        "top": 0,
      },
      "verticalBorderColor": "#E0E9FD",
      "verticalBorderColorOpacity": 1,
      "verticalBorderWidth": 1,
    },
    "icon": Object {
      "fill": "#000000",
      "margin": Object {
        "left": 4,
        "right": 4,
      },
      "size": 10,
    },
    "measureText": Object {
      "fill": "#000000",
      "fontFamily": "Roboto, PingFangSC, BlinkMacSystemFont, Microsoft YaHei, Arial, sans-serif",
      "fontSize": 12,
      "fontWeight": "normal",
      "linkTextFill": "#326EF4",
      "opacity": 1,
      "textAlign": "left",
      "textBaseline": "top",
    },
    "seriesNumberWidth": 80,
    "seriesText": Object {
      "fill": "#000000",
      "fontFamily": "Roboto, PingFangSC, BlinkMacSystemFont, Microsoft YaHei, Arial, sans-serif",
      "fontSize": 12,
      "fontWeight": "normal",
      "linkTextFill": "#326EF4",
      "opacity": 1,
      "textAlign": "center",
      "textBaseline": "top",
    },
    "text": Object {
      "fill": "#000000",
      "fontFamily": "Roboto, PingFangSC, BlinkMacSystemFont, Microsoft YaHei, Arial, sans-serif",
      "fontSize": 12,
      "fontWeight": "normal",
      "linkTextFill": "#326EF4",
      "opacity": 1,
      "textAlign": "left",
      "textBaseline": "top",
    },
  },
  "scrollBar": Object {
    "hoverSize": 8,
    "lineCap": "round",
    "size": 6,
    "thumbColor": "rgba(0,0,0,0.15)",
    "thumbHorizontalMinSize": 32,
    "thumbHoverColor": "rgba(0,0,0,0.25)",
    "thumbVerticalMinSize": 32,
    "trackColor": "rgba(0,0,0,0.01)",
  },
  "splitLine": Object {
    "borderDash": Array [],
    "horizontalBorderColor": "#326EF4",
    "horizontalBorderColorOpacity": 0.2,
    "horizontalBorderWidth": 2,
    "shadowColors": Object {
      "left": "rgba(0,0,0,0.1)",
      "right": "rgba(0,0,0,0)",
    },
    "shadowWidth": 8,
    "showShadow": true,
    "verticalBorderColor": "#326EF4",
    "verticalBorderColorOpacity": 0.25,
    "verticalBorderWidth": 2,
  },
}
`;
