// Jest Snapshot v1, https://goo.gl/fbAQLP

exports[`GuiIcon Tests should render correctly icon with 
<svg width="10px" height="10px" viewBox="0 0 10 10" version="1.1" xmlns="http://www.w3.org/2000/svg" xmlns:xlink="http://www.w3.org/1999/xlink">
<g id="页面-1" stroke="none" stroke-width="1" fill="none" fill-rule="evenodd" font-family="Roboto, PingFangSC, BlinkMacSystemFont, Microsoft YaHei, Arial, sans-serif" font-size="12" font-weight="bold">
    <text id="↓" fill="#29A294">
        <tspan x="-0.225097656" y="8.5">↓</tspan>
    </text>
</g>
</svg> 1`] = `
GuiIcon {
  "_events": Object {},
  "attrs": Object {
    "matrix": null,
    "opacity": 1,
  },
  "cfg": Object {
    "animable": true,
    "animating": false,
    "capture": true,
    "children": Array [],
    "height": 20,
    "name": "test",
    "visible": true,
    "width": 20,
    "x": 0,
    "y": 0,
    "zIndex": 0,
  },
  "destroyed": false,
  "iconImageShape": ImageShape1 {
    "_events": Object {},
    "attrs": Object {
      "animable": true,
      "animating": false,
      "capture": true,
      "children": Array [],
      "fillOpacity": 1,
      "height": 20,
      "lineAppendWidth": 0,
      "lineWidth": 1,
      "matrix": null,
      "name": "test",
      "opacity": 1,
      "strokeOpacity": 1,
      "type": "__GUI_ICON__",
      "visible": true,
      "width": 20,
      "x": 0,
      "y": 0,
      "zIndex": 0,
    },
    "cfg": Object {
      "animable": true,
      "animating": false,
      "attrs": Object {
        "animable": true,
        "animating": false,
        "capture": true,
        "children": Array [],
        "height": 20,
        "name": "test",
        "type": "__GUI_ICON__",
        "visible": true,
        "width": 20,
        "x": 0,
        "y": 0,
        "zIndex": 0,
      },
      "capture": true,
      "visible": true,
      "zIndex": 0,
    },
    "destroyed": false,
  },
  "isOnlineLink": [Function],
}
`;

exports[`GuiIcon Tests should render correctly icon with SortUp 1`] = `
GuiIcon {
  "_events": Object {},
  "attrs": Object {
    "matrix": null,
    "opacity": 1,
  },
  "cfg": Object {
    "animable": true,
    "animating": false,
    "capture": true,
    "children": Array [],
    "height": 20,
    "name": "test",
    "visible": true,
    "width": 20,
    "x": 0,
    "y": 0,
    "zIndex": 0,
  },
  "destroyed": false,
  "iconImageShape": ImageShape1 {
    "_events": Object {},
    "attrs": Object {
      "animable": true,
      "animating": false,
      "capture": true,
      "children": Array [],
      "fillOpacity": 1,
      "height": 20,
      "lineAppendWidth": 0,
      "lineWidth": 1,
      "matrix": null,
      "name": "test",
      "opacity": 1,
      "strokeOpacity": 1,
      "type": "__GUI_ICON__",
      "visible": true,
      "width": 20,
      "x": 0,
      "y": 0,
      "zIndex": 0,
    },
    "cfg": Object {
      "animable": true,
      "animating": false,
      "attrs": Object {
        "animable": true,
        "animating": false,
        "capture": true,
        "children": Array [],
        "height": 20,
        "name": "test",
        "type": "__GUI_ICON__",
        "visible": true,
        "width": 20,
        "x": 0,
        "y": 0,
        "zIndex": 0,
      },
      "capture": true,
      "visible": true,
      "zIndex": 0,
    },
    "destroyed": false,
  },
  "isOnlineLink": [Function],
}
`;

exports[`GuiIcon Tests should render correctly icon with https://mdn.alipayobjects.com/huamei_qa8qxu/afts/img/A*2VvTSZmI4vYAAAAAAAAAAAAADmJ7AQ/original 1`] = `
GuiIcon {
  "_events": Object {},
  "attrs": Object {
    "matrix": null,
    "opacity": 1,
  },
  "cfg": Object {
    "animable": true,
    "animating": false,
    "capture": true,
    "children": Array [],
    "height": 20,
    "name": "test",
    "visible": true,
    "width": 20,
    "x": 0,
    "y": 0,
    "zIndex": 0,
  },
  "destroyed": false,
  "iconImageShape": ImageShape1 {
    "_events": Object {},
    "attrs": Object {
      "animable": true,
      "animating": false,
      "capture": true,
      "children": Array [],
      "fillOpacity": 1,
      "height": 20,
      "lineAppendWidth": 0,
      "lineWidth": 1,
      "matrix": null,
      "name": "test",
      "opacity": 1,
      "strokeOpacity": 1,
      "type": "__GUI_ICON__",
      "visible": true,
      "width": 20,
      "x": 0,
      "y": 0,
      "zIndex": 0,
    },
    "cfg": Object {
      "animable": true,
      "animating": false,
      "attrs": Object {
        "animable": true,
        "animating": false,
        "capture": true,
        "children": Array [],
        "height": 20,
        "name": "test",
        "type": "__GUI_ICON__",
        "visible": true,
        "width": 20,
        "x": 0,
        "y": 0,
        "zIndex": 0,
      },
      "capture": true,
      "visible": true,
      "zIndex": 0,
    },
    "destroyed": false,
  },
  "isOnlineLink": [Function],
}
`;

exports[`GuiIcon Tests should render correctly icon with https://mdn.alipayobjects.com/huamei_qa8qxu/afts/img/A*5nsESLuvc_EAAAAAAAAAAAAADmJ7AQ/fmt.webp 1`] = `
GuiIcon {
  "_events": Object {},
  "attrs": Object {
    "matrix": null,
    "opacity": 1,
  },
  "cfg": Object {
    "animable": true,
    "animating": false,
    "capture": true,
    "children": Array [],
    "height": 20,
    "name": "test",
    "visible": true,
    "width": 20,
    "x": 0,
    "y": 0,
    "zIndex": 0,
  },
  "destroyed": false,
  "iconImageShape": ImageShape1 {
    "_events": Object {},
    "attrs": Object {
      "animable": true,
      "animating": false,
      "capture": true,
      "children": Array [],
      "fillOpacity": 1,
      "height": 20,
      "lineAppendWidth": 0,
      "lineWidth": 1,
      "matrix": null,
      "name": "test",
      "opacity": 1,
      "strokeOpacity": 1,
      "type": "__GUI_ICON__",
      "visible": true,
      "width": 20,
      "x": 0,
      "y": 0,
      "zIndex": 0,
    },
    "cfg": Object {
      "animable": true,
      "animating": false,
      "attrs": Object {
        "animable": true,
        "animating": false,
        "capture": true,
        "children": Array [],
        "height": 20,
        "name": "test",
        "type": "__GUI_ICON__",
        "visible": true,
        "width": 20,
        "x": 0,
        "y": 0,
        "zIndex": 0,
      },
      "capture": true,
      "visible": true,
      "zIndex": 0,
    },
    "destroyed": false,
  },
  "isOnlineLink": [Function],
}
`;

exports[`GuiIcon Tests should render correctly icon with https://mdn.alipayobjects.com/huamei_qa8qxu/afts/img/A*P-jqT4U7YrcAAAAAAAAAAAAADmJ7AQ/original.jpg 1`] = `
GuiIcon {
  "_events": Object {},
  "attrs": Object {
    "matrix": null,
    "opacity": 1,
  },
  "cfg": Object {
    "animable": true,
    "animating": false,
    "capture": true,
    "children": Array [],
    "height": 20,
    "name": "test",
    "visible": true,
    "width": 20,
    "x": 0,
    "y": 0,
    "zIndex": 0,
  },
  "destroyed": false,
  "iconImageShape": ImageShape1 {
    "_events": Object {},
    "attrs": Object {
      "animable": true,
      "animating": false,
      "capture": true,
      "children": Array [],
      "fillOpacity": 1,
      "height": 20,
      "lineAppendWidth": 0,
      "lineWidth": 1,
      "matrix": null,
      "name": "test",
      "opacity": 1,
      "strokeOpacity": 1,
      "type": "__GUI_ICON__",
      "visible": true,
      "width": 20,
      "x": 0,
      "y": 0,
      "zIndex": 0,
    },
    "cfg": Object {
      "animable": true,
      "animating": false,
      "attrs": Object {
        "animable": true,
        "animating": false,
        "capture": true,
        "children": Array [],
        "height": 20,
        "name": "test",
        "type": "__GUI_ICON__",
        "visible": true,
        "width": 20,
        "x": 0,
        "y": 0,
        "zIndex": 0,
      },
      "capture": true,
      "visible": true,
      "zIndex": 0,
    },
    "destroyed": false,
  },
  "isOnlineLink": [Function],
}
`;

exports[`GuiIcon Tests should render correctly icon with https://mdn.alipayobjects.com/huamei_qa8qxu/afts/img/A*f6e6S4OUSdMAAAAAAAAAAAAADmJ7AQ/original.gif 1`] = `
GuiIcon {
  "_events": Object {},
  "attrs": Object {
    "matrix": null,
    "opacity": 1,
  },
  "cfg": Object {
    "animable": true,
    "animating": false,
    "capture": true,
    "children": Array [],
    "height": 20,
    "name": "test",
    "visible": true,
    "width": 20,
    "x": 0,
    "y": 0,
    "zIndex": 0,
  },
  "destroyed": false,
  "iconImageShape": ImageShape1 {
    "_events": Object {},
    "attrs": Object {
      "animable": true,
      "animating": false,
      "capture": true,
      "children": Array [],
      "fillOpacity": 1,
      "height": 20,
      "lineAppendWidth": 0,
      "lineWidth": 1,
      "matrix": null,
      "name": "test",
      "opacity": 1,
      "strokeOpacity": 1,
      "type": "__GUI_ICON__",
      "visible": true,
      "width": 20,
      "x": 0,
      "y": 0,
      "zIndex": 0,
    },
    "cfg": Object {
      "animable": true,
      "animating": false,
      "attrs": Object {
        "animable": true,
        "animating": false,
        "capture": true,
        "children": Array [],
        "height": 20,
        "name": "test",
        "type": "__GUI_ICON__",
        "visible": true,
        "width": 20,
        "x": 0,
        "y": 0,
        "zIndex": 0,
      },
      "capture": true,
      "visible": true,
      "zIndex": 0,
    },
    "destroyed": false,
  },
  "isOnlineLink": [Function],
}
`;

exports[`GuiIcon Tests should support cross origin for online url 1`] = `"data:image/png;base64,iVBORw0KGgoAAAANSUhEUgAAAZAAAAGQCAYAAACAvzbMAAAOEUlEQVR4Xu3VsQ0AAAjDMPr/0/yQ2exdLKTsHAECBAgQCAILGxMCBAgQIHAC4gkIECBAIAkISGIzIkCAAAEB8QMECBAgkAQEJLEZESBAgICA+AECBAgQSAICktiMCBAgQEBA/AABAgQIJAEBSWxGBAgQICAgfoAAAQIEkoCAJDYjAgQIEBAQP0CAAAECSUBAEpsRAQIECAiIHyBAgACBJCAgic2IAAECBATEDxAgQIBAEhCQxGZEgAABAgLiBwgQIEAgCQhIYjMiQIAAAQHxAwQIECCQBAQksRkRIECAgID4AQIECBBIAgKS2IwIECBAQED8AAECBAgkAQFJbEYECBAgICB+gAABAgSSgIAkNiMCBAgQEBA/QIAAAQJJQEASmxEBAgQICIgfIECAAIEkICCJzYgAAQIEBMQPECBAgEASEJDEZkSAAAECAuIHCBAgQCAJCEhiMyJAgAABAfEDBAgQIJAEBCSxGREgQICAgPgBAgQIEEgCApLYjAgQIEBAQPwAAQIECCQBAUlsRgQIECAgIH6AAAECBJKAgCQ2IwIECBAQED9AgAABAklAQBKbEQECBAgIiB8gQIAAgSQgIInNiAABAgQExA8QIECAQBIQkMRmRIAAAQIC4gcIECBAIAkISGIzIkCAAAEB8QMECBAgkAQEJLEZESBAgICA+AECBAgQSAICktiMCBAgQEBA/AABAgQIJAEBSWxGBAgQICAgfoAAAQIEkoCAJDYjAgQIEBAQP0CAAAECSUBAEpsRAQIECAiIHyBAgACBJCAgic2IAAECBATEDxAgQIBAEhCQxGZEgAABAgLiBwgQIEAgCQhIYjMiQIAAAQHxAwQIECCQBAQksRkRIECAgID4AQIECBBIAgKS2IwIECBAQED8AAECBAgkAQFJbEYECBAgICB+gAABAgSSgIAkNiMCBAgQEBA/QIAAAQJJQEASmxEBAgQICIgfIECAAIEkICCJzYgAAQIEBMQPECBAgEASEJDEZkSAAAECAuIHCBAgQCAJCEhiMyJAgAABAfEDBAgQIJAEBCSxGREgQICAgPgBAgQIEEgCApLYjAgQIEBAQPwAAQIECCQBAUlsRgQIECAgIH6AAAECBJKAgCQ2IwIECBAQED9AgAABAklAQBKbEQECBAgIiB8gQIAAgSQgIInNiAABAgQExA8QIECAQBIQkMRmRIAAAQIC4gcIECBAIAkISGIzIkCAAAEB8QMECBAgkAQEJLEZESBAgICA+AECBAgQSAICktiMCBAgQEBA/AABAgQIJAEBSWxGBAgQICAgfoAAAQIEkoCAJDYjAgQIEBAQP0CAAAECSUBAEpsRAQIECAiIHyBAgACBJCAgic2IAAECBATEDxAgQIBAEhCQxGZEgAABAgLiBwgQIEAgCQhIYjMiQIAAAQHxAwQIECCQBAQksRkRIECAgID4AQIECBBIAgKS2IwIECBAQED8AAECBAgkAQFJbEYECBAgICB+gAABAgSSgIAkNiMCBAgQEBA/QIAAAQJJQEASmxEBAgQICIgfIECAAIEkICCJzYgAAQIEBMQPECBAgEASEJDEZkSAAAECAuIHCBAgQCAJCEhiMyJAgAABAfEDBAgQIJAEBCSxGREgQICAgPgBAgQIEEgCApLYjAgQIEBAQPwAAQIECCQBAUlsRgQIECAgIH6AAAECBJKAgCQ2IwIECBAQED9AgAABAklAQBKbEQECBAgIiB8gQIAAgSQgIInNiAABAgQExA8QIECAQBIQkMRmRIAAAQIC4gcIECBAIAkISGIzIkCAAAEB8QMECBAgkAQEJLEZESBAgICA+AECBAgQSAICktiMCBAgQEBA/AABAgQIJAEBSWxGBAgQICAgfoAAAQIEkoCAJDYjAgQIEBAQP0CAAAECSUBAEpsRAQIECAiIHyBAgACBJCAgic2IAAECBATEDxAgQIBAEhCQxGZEgAABAgLiBwgQIEAgCQhIYjMiQIAAAQHxAwQIECCQBAQksRkRIECAgID4AQIECBBIAgKS2IwIECBAQED8AAECBAgkAQFJbEYECBAgICB+gAABAgSSgIAkNiMCBAgQEBA/QIAAAQJJQEASmxEBAgQICIgfIECAAIEkICCJzYgAAQIEBMQPECBAgEASEJDEZkSAAAECAuIHCBAgQCAJCEhiMyJAgAABAfEDBAgQIJAEBCSxGREgQICAgPgBAgQIEEgCApLYjAgQIEBAQPwAAQIECCQBAUlsRgQIECAgIH6AAAECBJKAgCQ2IwIECBAQED9AgAABAklAQBKbEQECBAgIiB8gQIAAgSQgIInNiAABAgQExA8QIECAQBIQkMRmRIAAAQIC4gcIECBAIAkISGIzIkCAAAEB8QMECBAgkAQEJLEZESBAgICA+AECBAgQSAICktiMCBAgQEBA/AABAgQIJAEBSWxGBAgQICAgfoAAAQIEkoCAJDYjAgQIEBAQP0CAAAECSUBAEpsRAQIECAiIHyBAgACBJCAgic2IAAECBATEDxAgQIBAEhCQxGZEgAABAgLiBwgQIEAgCQhIYjMiQIAAAQHxAwQIECCQBAQksRkRIECAgID4AQIECBBIAgKS2IwIECBAQED8AAECBAgkAQFJbEYECBAgICB+gAABAgSSgIAkNiMCBAgQEBA/QIAAAQJJQEASmxEBAgQICIgfIECAAIEkICCJzYgAAQIEBMQPECBAgEASEJDEZkSAAAECAuIHCBAgQCAJCEhiMyJAgAABAfEDBAgQIJAEBCSxGREgQICAgPgBAgQIEEgCApLYjAgQIEBAQPwAAQIECCQBAUlsRgQIECAgIH6AAAECBJKAgCQ2IwIECBAQED9AgAABAklAQBKbEQECBAgIiB8gQIAAgSQgIInNiAABAgQExA8QIECAQBIQkMRmRIAAAQIC4gcIECBAIAkISGIzIkCAAAEB8QMECBAgkAQEJLEZESBAgICA+AECBAgQSAICktiMCBAgQEBA/AABAgQIJAEBSWxGBAgQICAgfoAAAQIEkoCAJDYjAgQIEBAQP0CAAAECSUBAEpsRAQIECAiIHyBAgACBJCAgic2IAAECBATEDxAgQIBAEhCQxGZEgAABAgLiBwgQIEAgCQhIYjMiQIAAAQHxAwQIECCQBAQksRkRIECAgID4AQIECBBIAgKS2IwIECBAQED8AAECBAgkAQFJbEYECBAgICB+gAABAgSSgIAkNiMCBAgQEBA/QIAAAQJJQEASmxEBAgQICIgfIECAAIEkICCJzYgAAQIEBMQPECBAgEASEJDEZkSAAAECAuIHCBAgQCAJCEhiMyJAgAABAfEDBAgQIJAEBCSxGREgQICAgPgBAgQIEEgCApLYjAgQIEBAQPwAAQIECCQBAUlsRgQIECAgIH6AAAECBJKAgCQ2IwIECBAQED9AgAABAklAQBKbEQECBAgIiB8gQIAAgSQgIInNiAABAgQExA8QIECAQBIQkMRmRIAAAQIC4gcIECBAIAkISGIzIkCAAAEB8QMECBAgkAQEJLEZESBAgICA+AECBAgQSAICktiMCBAgQEBA/AABAgQIJAEBSWxGBAgQICAgfoAAAQIEkoCAJDYjAgQIEBAQP0CAAAECSUBAEpsRAQIECAiIHyBAgACBJCAgic2IAAECBATEDxAgQIBAEhCQxGZEgAABAgLiBwgQIEAgCQhIYjMiQIAAAQHxAwQIECCQBAQksRkRIECAgID4AQIECBBIAgKS2IwIECBAQED8AAECBAgkAQFJbEYECBAgICB+gAABAgSSgIAkNiMCBAgQEBA/QIAAAQJJQEASmxEBAgQICIgfIECAAIEkICCJzYgAAQIEBMQPECBAgEASEJDEZkSAAAECAuIHCBAgQCAJCEhiMyJAgAABAfEDBAgQIJAEBCSxGREgQICAgPgBAgQIEEgCApLYjAgQIEBAQPwAAQIECCQBAUlsRgQIECAgIH6AAAECBJKAgCQ2IwIECBAQED9AgAABAklAQBKbEQECBAgIiB8gQIAAgSQgIInNiAABAgQExA8QIECAQBIQkMRmRIAAAQIC4gcIECBAIAkISGIzIkCAAAEB8QMECBAgkAQEJLEZESBAgICA+AECBAgQSAICktiMCBAgQEBA/AABAgQIJAEBSWxGBAgQICAgfoAAAQIEkoCAJDYjAgQIEBAQP0CAAAECSUBAEpsRAQIECAiIHyBAgACBJCAgic2IAAECBATEDxAgQIBAEhCQxGZEgAABAgLiBwgQIEAgCQhIYjMiQIAAAQHxAwQIECCQBAQksRkRIECAgID4AQIECBBIAgKS2IwIECBAQED8AAECBAgkAQFJbEYECBAgICB+gAABAgSSgIAkNiMCBAgQEBA/QIAAAQJJQEASmxEBAgQICIgfIECAAIEkICCJzYgAAQIEBMQPECBAgEASEJDEZkSAAAECAuIHCBAgQCAJCEhiMyJAgAABAfEDBAgQIJAEBCSxGREgQICAgPgBAgQIEEgCApLYjAgQIEBAQPwAAQIECCQBAUlsRgQIECAgIH6AAAECBJKAgCQ2IwIECBAQED9AgAABAklAQBKbEQECBAgIiB8gQIAAgSQgIInNiAABAgQExA8QIECAQBIQkMRmRIAAAQIC4gcIECBAIAkISGIzIkCAAAEB8QMECBAgkAQEJLEZESBAgICA+AECBAgQSAICktiMCBAgQEBA/AABAgQIJAEBSWxGBAgQICAgfoAAAQIEkoCAJDYjAgQIEBAQP0CAAAECSUBAEpsRAQIECAiIHyBAgACBJCAgic2IAAECBB50NwGRNp50KwAAAABJRU5ErkJggg=="`;
